Component: ARM Compiler 5.05 update 1 (build 106) Tool: armlink [4d0efa]

==============================================================================

Section Cross References

    startup_stm32f407xx.o(STACK) refers (Special) to heapauxi.o(.text) for __use_two_region_memory
    startup_stm32f407xx.o(HEAP) refers (Special) to heapauxi.o(.text) for __use_two_region_memory
    startup_stm32f407xx.o(RESET) refers (Special) to heapauxi.o(.text) for __use_two_region_memory
    startup_stm32f407xx.o(RESET) refers to startup_stm32f407xx.o(STACK) for __initial_sp
    startup_stm32f407xx.o(RESET) refers to startup_stm32f407xx.o(.text) for Reset_Handler
    startup_stm32f407xx.o(RESET) refers to stm32f4xx_it.o(i.NMI_Handler) for NMI_Handler
    startup_stm32f407xx.o(RESET) refers to stm32f4xx_it.o(i.HardFault_Handler) for HardFault_Handler
    startup_stm32f407xx.o(RESET) refers to stm32f4xx_it.o(i.MemManage_Handler) for MemManage_Handler
    startup_stm32f407xx.o(RESET) refers to stm32f4xx_it.o(i.BusFault_Handler) for BusFault_Handler
    startup_stm32f407xx.o(RESET) refers to stm32f4xx_it.o(i.UsageFault_Handler) for UsageFault_Handler
    startup_stm32f407xx.o(RESET) refers to stm32f4xx_it.o(i.SVC_Handler) for SVC_Handler
    startup_stm32f407xx.o(RESET) refers to stm32f4xx_it.o(i.DebugMon_Handler) for DebugMon_Handler
    startup_stm32f407xx.o(RESET) refers to stm32f4xx_it.o(i.PendSV_Handler) for PendSV_Handler
    startup_stm32f407xx.o(RESET) refers to stm32f4xx_it.o(i.SysTick_Handler) for SysTick_Handler
    startup_stm32f407xx.o(RESET) refers to stm32f4xx_it.o(i.DMA1_Stream1_IRQHandler) for DMA1_Stream1_IRQHandler
    startup_stm32f407xx.o(RESET) refers to stm32f4xx_it.o(i.CAN1_RX0_IRQHandler) for CAN1_RX0_IRQHandler
    startup_stm32f407xx.o(RESET) refers to stm32f4xx_it.o(i.TIM3_IRQHandler) for TIM3_IRQHandler
    startup_stm32f407xx.o(RESET) refers to stm32f4xx_it.o(i.TIM4_IRQHandler) for TIM4_IRQHandler
    startup_stm32f407xx.o(RESET) refers to stm32f4xx_it.o(i.USART3_IRQHandler) for USART3_IRQHandler
    startup_stm32f407xx.o(RESET) refers to stm32f4xx_it.o(i.CAN2_RX0_IRQHandler) for CAN2_RX0_IRQHandler
    startup_stm32f407xx.o(.text) refers (Special) to heapauxi.o(.text) for __use_two_region_memory
    startup_stm32f407xx.o(.text) refers to system_stm32f4xx.o(i.SystemInit) for SystemInit
    startup_stm32f407xx.o(.text) refers to __main.o(!!!main) for __main
    startup_stm32f407xx.o(.text) refers to startup_stm32f407xx.o(HEAP) for Heap_Mem
    startup_stm32f407xx.o(.text) refers to startup_stm32f407xx.o(STACK) for Stack_Mem
    moto.o(i.CanFilter_Init) refers to stm32f4xx_hal_can.o(i.HAL_CAN_ConfigFilter) for HAL_CAN_ConfigFilter
    moto.o(i.CanFilter_Init) refers to can.o(.bss) for hcan1
    moto.o(i.HAL_CAN_RxFifo0MsgPendingCallback) refers to stm32f4xx_hal_can.o(i.HAL_CAN_GetRxMessage) for HAL_CAN_GetRxMessage
    moto.o(i.HAL_CAN_RxFifo0MsgPendingCallback) refers to stm32f4xx_hal_can.o(i.HAL_CAN_ActivateNotification) for HAL_CAN_ActivateNotification
    moto.o(i.HAL_CAN_RxFifo0MsgPendingCallback) refers to can.o(.bss) for hcan1
    moto.o(i.HAL_CAN_RxFifo0MsgPendingCallback) refers to moto.o(.bss) for .bss
    moto.o(i.HAL_CAN_RxFifo0MsgPendingCallback) refers to moto.o(.data) for .data
    moto.o(i.Moto_Current_Output) refers to stm32f4xx_hal_can.o(i.HAL_CAN_AddTxMessage) for HAL_CAN_AddTxMessage
    moto.o(i.Moto_Current_Output) refers to moto.o(.data) for .data
    moto.o(i.Moto_Current_Output) refers to moto.o(.bss) for .bss
    moto.o(i.Moto_Current_Output) refers to can.o(.bss) for hcan1
    moto.o(i.Moto_Current_Output2) refers to stm32f4xx_hal_can.o(i.HAL_CAN_AddTxMessage) for HAL_CAN_AddTxMessage
    moto.o(i.Moto_Current_Output2) refers to moto.o(.data) for .data
    moto.o(i.Moto_Current_Output2) refers to moto.o(.bss) for .bss
    moto.o(i.Moto_Current_Output2) refers to can.o(.bss) for hcan1
    moto.o(i.Moto_Current_Output3) refers to stm32f4xx_hal_can.o(i.HAL_CAN_AddTxMessage) for HAL_CAN_AddTxMessage
    moto.o(i.Moto_Current_Output3) refers to moto.o(.data) for .data
    moto.o(i.Moto_Current_Output3) refers to moto.o(.bss) for .bss
    moto.o(i.Moto_Current_Output3) refers to can.o(.bss) for hcan2
    moto.o(i.Moto_Init) refers to moto.o(i.CanFilter_Init) for CanFilter_Init
    moto.o(i.Moto_Init) refers to moto.o(i.Tx_Moto_Init) for Tx_Moto_Init
    moto.o(i.Moto_Init) refers to moto.o(i.Rx_Moto_Init) for Rx_Moto_Init
    moto.o(i.Moto_Init) refers to moto.o(i.Rx_Moto_Init2) for Rx_Moto_Init2
    moto.o(i.Moto_Init) refers to stm32f4xx_hal_can.o(i.HAL_CAN_ActivateNotification) for HAL_CAN_ActivateNotification
    moto.o(i.Moto_Init) refers to can.o(.bss) for hcan1
    moto.o(i.Rx_Moto_Init) refers to moto.o(.bss) for .bss
    moto.o(i.Rx_Moto_Init2) refers to moto.o(.bss) for .bss
    moto.o(i.Tx_Moto_Init) refers to moto.o(.bss) for .bss
    remote_control.o(i.Controller_handler) refers to remote_control.o(.bss) for .bss
[...]
    i.Gimbal_RC2                             0x08000bc4   Section        0  gimbal.o(i.Gimbal_RC2)
    i.Gimbal_Turn                            0x08000cc0   Section        0  gimbal.o(i.Gimbal_Turn)
    i.Gimbal_follow                          0x08000da4   Section        0  gimbal.o(i.Gimbal_follow)
    i.HAL_CAN_ActivateNotification           0x08000e48   Section        0  stm32f4xx_hal_can.o(i.HAL_CAN_ActivateNotification)
    i.HAL_CAN_AddTxMessage                   0x08000e6c   Section        0  stm32f4xx_hal_can.o(i.HAL_CAN_AddTxMessage)
    i.HAL_CAN_ConfigFilter                   0x08000f34   Section        0  stm32f4xx_hal_can.o(i.HAL_CAN_ConfigFilter)
    i.HAL_CAN_ErrorCallback                  0x08001040   Section        0  stm32f4xx_hal_can.o(i.HAL_CAN_ErrorCallback)
    i.HAL_CAN_GetRxMessage                   0x08001042   Section        0  stm32f4xx_hal_can.o(i.HAL_CAN_GetRxMessage)
    i.HAL_CAN_IRQHandler                     0x0800112a   Section        0  stm32f4xx_hal_can.o(i.HAL_CAN_IRQHandler)
    i.HAL_CAN_Init                           0x08001326   Section        0  stm32f4xx_hal_can.o(i.HAL_CAN_Init)
    i.HAL_CAN_MspInit                        0x08001440   Section        0  can.o(i.HAL_CAN_MspInit)
    i.HAL_CAN_RxFifo0FullCallback            0x0800153c   Section        0  stm32f4xx_hal_can.o(i.HAL_CAN_RxFifo0FullCallback)
    i.HAL_CAN_RxFifo0MsgPendingCallback      0x08001540   Section        0  moto.o(i.HAL_CAN_RxFifo0MsgPendingCallback)
    i.HAL_CAN_RxFifo1FullCallback            0x080016c0   Section        0  stm32f4xx_hal_can.o(i.HAL_CAN_RxFifo1FullCallback)
    i.HAL_CAN_RxFifo1MsgPendingCallback      0x080016c2   Section        0  stm32f4xx_hal_can.o(i.HAL_CAN_RxFifo1MsgPendingCallback)
    i.HAL_CAN_SleepCallback                  0x080016c4   Section        0  stm32f4xx_hal_can.o(i.HAL_CAN_SleepCallback)
    i.HAL_CAN_Start                          0x080016c8   Section        0  stm32f4xx_hal_can.o(i.HAL_CAN_Start)
    i.HAL_CAN_TxMailbox0AbortCallback        0x08001720   Section        0  stm32f4xx_hal_can.o(i.HAL_CAN_TxMailbox0AbortCallback)
    i.HAL_CAN_TxMailbox0CompleteCallback     0x08001722   Section        0  stm32f4xx_hal_can.o(i.HAL_CAN_TxMailbox0CompleteCallback)
    i.HAL_CAN_TxMailbox1AbortCallback        0x08001724   Section        0  stm32f4xx_hal_can.o(i.HAL_CAN_TxMailbox1AbortCallback)
    i.HAL_CAN_TxMailbox1CompleteCallback     0x08001726   Section        0  stm32f4xx_hal_can.o(i.HAL_CAN_TxMailbox1CompleteCallback)
    i.HAL_CAN_TxMailbox2AbortCallback        0x08001728   Section        0  stm32f4xx_hal_can.o(i.HAL_CAN_TxMailbox2AbortCallback)
    i.HAL_CAN_TxMailbox2CompleteCallback     0x0800172a   Section        0  stm32f4xx_hal_can.o(i.HAL_CAN_TxMailbox2CompleteCallback)
    i.HAL_CAN_WakeUpFromRxMsgCallback        0x0800172c   Section        0  stm32f4xx_hal_can.o(i.HAL_CAN_WakeUpFromRxMsgCallback)
    i.HAL_DMA_Abort                          0x0800172e   Section        0  stm32f4xx_hal_dma.o(i.HAL_DMA_Abort)
    i.HAL_DMA_Abort_IT                       0x080017c0   Section        0  stm32f4xx_hal_dma.o(i.HAL_DMA_Abort_IT)
    i.HAL_DMA_IRQHandler                     0x080017e4   Section        0  stm32f4xx_hal_dma.o(i.HAL_DMA_IRQHandler)
    i.HAL_DMA_Init                           0x08001984   Section        0  stm32f4xx_hal_dma.o(i.HAL_DMA_Init)
    i.HAL_DMA_Start_IT                       0x08001a58   Section        0  stm32f4xx_hal_dma.o(i.HAL_DMA_Start_IT)
    i.HAL_GPIO_Init                          0x08001ac8   Section        0  stm32f4xx_hal_gpio.o(i.HAL_GPIO_Init)
    i.HAL_GetTick                            0x08001cb8   Section        0  stm32f4xx_hal.o(i.HAL_GetTick)
    i.HAL_IncTick                            0x08001cc4   Section        0  stm32f4xx_hal.o(i.HAL_IncTick)
    i.HAL_Init                               0x08001cd4   Section        0  stm32f4xx_hal.o(i.HAL_Init)
    i.HAL_InitTick                           0x08001d08   Section        0  stm32f4xx_hal.o(i.HAL_InitTick)
    i.HAL_MspInit                            0x08001d48   Section        0  stm32f4xx_hal_msp.o(i.HAL_MspInit)
    i.HAL_NVIC_EnableIRQ                     0x08001d78   Section        0  stm32f4xx_hal_cortex.o(i.HAL_NVIC_EnableIRQ)
    i.HAL_NVIC_SetPriority                   0x08001d94   Section        0  stm32f4xx_hal_cortex.o(i.HAL_NVIC_SetPriority)
    i.HAL_NVIC_SetPriorityGrouping           0x08001dd4   Section        0  stm32f4xx_hal_cortex.o(i.HAL_NVIC_SetPriorityGrouping)
    i.HAL_RCC_ClockConfig                    0x08001df8   Section        0  stm32f4xx_hal_rcc.o(i.HAL_RCC_ClockConfig)
    i.HAL_RCC_GetPCLK1Freq                   0x08001f2c   Section        0  stm32f4xx_hal_rcc.o(i.HAL_RCC_GetPCLK1Freq)
    i.HAL_RCC_GetPCLK2Freq                   0x08001f4c   Section        0  stm32f4xx_hal_rcc.o(i.HAL_RCC_GetPCLK2Freq)
    i.HAL_RCC_GetSysClockFreq                0x08001f6c   Section        0  stm32f4xx_hal_rcc.o(i.HAL_RCC_GetSysClockFreq)
    i.HAL_RCC_OscConfig                      0x08001fd0   Section        0  stm32f4xx_hal_rcc.o(i.HAL_RCC_OscConfig)
    i.HAL_SYSTICK_Config                     0x0800233c   Section        0  stm32f4xx_hal_cortex.o(i.HAL_SYSTICK_Config)
    i.HAL_TIMEx_BreakCallback                0x08002364   Section        0  stm32f4xx_hal_tim_ex.o(i.HAL_TIMEx_BreakCallback)
    i.HAL_TIMEx_CommutCallback               0x08002366   Section        0  stm32f4xx_hal_tim_ex.o(i.HAL_TIMEx_CommutCallback)
    i.HAL_TIMEx_MasterConfigSynchronization  0x08002368   Section        0  stm32f4xx_hal_tim_ex.o(i.HAL_TIMEx_MasterConfigSynchronization)
    i.HAL_TIM_Base_Init                      0x080023f8   Section        0  stm32f4xx_hal_tim.o(i.HAL_TIM_Base_Init)
    i.HAL_TIM_Base_MspInit                   0x08002454   Section        0  tim.o(i.HAL_TIM_Base_MspInit)
    i.HAL_TIM_Base_Start_IT                  0x080024b8   Section        0  stm32f4xx_hal_tim.o(i.HAL_TIM_Base_Start_IT)
    i.HAL_TIM_ConfigClockSource              0x08002538   Section        0  stm32f4xx_hal_tim.o(i.HAL_TIM_ConfigClockSource)
    i.HAL_TIM_IC_CaptureCallback             0x08002614   Section        0  stm32f4xx_hal_tim.o(i.HAL_TIM_IC_CaptureCallback)
    i.HAL_TIM_IRQHandler                     0x08002616   Section        0  stm32f4xx_hal_tim.o(i.HAL_TIM_IRQHandler)
    i.HAL_TIM_OC_DelayElapsedCallback        0x0800277c   Section        0  stm32f4xx_hal_tim.o(i.HAL_TIM_OC_DelayElapsedCallback)
    i.HAL_TIM_PWM_PulseFinishedCallback      0x0800277e   Section        0  stm32f4xx_hal_tim.o(i.HAL_TIM_PWM_PulseFinishedCallback)
    i.HAL_TIM_PeriodElapsedCallback          0x08002780   Section        0  stm32f4xx_hal_tim.o(i.HAL_TIM_PeriodElapsedCallback)
    i.HAL_TIM_TriggerCallback                0x08002782   Section        0  stm32f4xx_hal_tim.o(i.HAL_TIM_TriggerCallback)
    i.HAL_UARTEx_RxEventCallback             0x08002784   Section        0  stm32f4xx_hal_uart.o(i.HAL_UARTEx_RxEventCallback)
    i.HAL_UART_DMAStop                       0x08002786   Section        0  stm32f4xx_hal_uart.o(i.HAL_UART_DMAStop)
    i.HAL_UART_ErrorCallback                 0x080027f6   Section        0  stm32f4xx_hal_uart.o(i.HAL_UART_ErrorCallback)
    i.HAL_UART_IRQHandler                    0x080027f8   Section        0  stm32f4xx_hal_uart.o(i.HAL_UART_IRQHandler)
    i.HAL_UART_Init                          0x08002a60   Section        0  stm32f4xx_hal_uart.o(i.HAL_UART_Init)
    i.HAL_UART_MspInit                       0x08002ac4   Section        0  usart.o(i.HAL_UART_MspInit)
    i.HAL_UART_Receive_DMA                   0x08002b78   Section        0  stm32f4xx_hal_uart.o(i.HAL_UART_Receive_DMA)
    i.HAL_UART_RxCpltCallback                0x08002ba2   Section        0  stm32f4xx_hal_uart.o(i.HAL_UART_RxCpltCallback)
    i.HAL_UART_RxHalfCpltCallback            0x08002ba4   Section        0  stm32f4xx_hal_uart.o(i.HAL_UART_RxHalfCpltCallback)
    i.HAL_UART_TxCpltCallback                0x08002ba6   Section        0  stm32f4xx_hal_uart.o(i.HAL_UART_TxCpltCallback)
    i.HardFault_Handler                      0x08002ba8   Section        0  stm32f4xx_it.o(i.HardFault_Handler)
    i.IDLE_Handler                           0x08002bac   Section        0  remote_control.o(i.IDLE_Handler)
    i.JD_WZPid                               0x08002c00   Section        0  pid.o(i.JD_WZPid)
    i.MX_CAN1_Init                           0x08002ce8   Section        0  can.o(i.MX_CAN1_Init)
    i.MX_CAN2_Init                           0x08002d30   Section        0  can.o(i.MX_CAN2_Init)
    i.MX_DMA_Init                            0x08002d78   Section        0  dma.o(i.MX_DMA_Init)
    i.MX_GPIO_Init                           0x08002da4   Section        0  gpio.o(i.MX_GPIO_Init)
    i.MX_TIM3_Init                           0x08002df0   Section        0  tim.o(i.MX_TIM3_Init)
    i.MX_TIM4_Init                           0x08002e58   Section        0  tim.o(i.MX_TIM4_Init)
    i.MX_USART3_UART_Init                    0x08002ec0   Section        0  usart.o(i.MX_USART3_UART_Init)
    i.MemManage_Handler                      0x08002f04   Section        0  stm32f4xx_it.o(i.MemManage_Handler)
    i.Moto_Current_Output                    0x08002f08   Section        0  moto.o(i.Moto_Current_Output)
    i.Moto_Current_Output2                   0x08002f40   Section        0  moto.o(i.Moto_Current_Output2)
    i.Moto_Current_Output3                   0x08002f88   Section        0  moto.o(i.Moto_Current_Output3)
    i.Moto_Init                              0x08002fc0   Section        0  moto.o(i.Moto_Init)
    i.NMI_Handler                            0x08002ff0   Section        0  stm32f4xx_it.o(i.NMI_Handler)
    i.PendSV_Handler                         0x08002ff2   Section        0  stm32f4xx_it.o(i.PendSV_Handler)
    i.Remote_Control_Init                    0x08002ff4   Section        0  remote_control.o(i.Remote_Control_Init)
    i.Rx_Moto_Init                           0x0800301c   Section        0  moto.o(i.Rx_Moto_Init)
    i.Rx_Moto_Init2                          0x08003038   Section        0  moto.o(i.Rx_Moto_Init2)
    i.SVC_Handler                            0x08003054   Section        0  stm32f4xx_it.o(i.SVC_Handler)
    i.SysTick_Handler                        0x08003056   Section        0  stm32f4xx_it.o(i.SysTick_Handler)
    i.SystemClock_Config                     0x0800305c   Section        0  main.o(i.SystemClock_Config)
    i.SystemInit                             0x080030f0   Section        0  system_stm32f4xx.o(i.SystemInit)
    i.TIM3_IRQHandler                        0x08003100   Section        0  stm32f4xx_it.o(i.TIM3_IRQHandler)
    i.TIM4_IRQHandler                        0x080032e4   Section        0  stm32f4xx_it.o(i.TIM4_IRQHandler)
    i.TIM_Base_SetConfig                     0x08003318   Section        0  stm32f4xx_hal_tim.o(i.TIM_Base_SetConfig)
    i.TIM_ETR_SetConfig                      0x080033e0   Section        0  stm32f4xx_hal_tim.o(i.TIM_ETR_SetConfig)
    i.TIM_ITRx_SetConfig                     0x080033f4   Section        0  stm32f4xx_hal_tim.o(i.TIM_ITRx_SetConfig)
    TIM_ITRx_SetConfig                       0x080033f5   Thumb Code    16  stm32f4xx_hal_tim.o(i.TIM_ITRx_SetConfig)
    i.TIM_TI1_ConfigInputStage               0x08003404   Section        0  stm32f4xx_hal_tim.o(i.TIM_TI1_ConfigInputStage)
    TIM_TI1_ConfigInputStage                 0x08003405   Thumb Code    34  stm32f4xx_hal_tim.o(i.TIM_TI1_ConfigInputStage)
    i.TIM_TI2_ConfigInputStage               0x08003426   Section        0  stm32f4xx_hal_tim.o(i.TIM_TI2_ConfigInputStage)
    TIM_TI2_ConfigInputStage                 0x08003427   Thumb Code    36  stm32f4xx_hal_tim.o(i.TIM_TI2_ConfigInputStage)
    i.Tx_Moto_Init                           0x0800344c   Section        0  moto.o(i.Tx_Moto_Init)
    i.UART_DMAAbortOnError                   0x0800348c   Section        0  stm32f4xx_hal_uart.o(i.UART_DMAAbortOnError)
    UART_DMAAbortOnError                     0x0800348d   Thumb Code    16  stm32f4xx_hal_uart.o(i.UART_DMAAbortOnError)
    i.UART_DMAError                          0x0800349c   Section        0  stm32f4xx_hal_uart.o(i.UART_DMAError)
    UART_DMAError                            0x0800349d   Thumb Code    74  stm32f4xx_hal_uart.o(i.UART_DMAError)
    i.UART_DMAReceiveCplt                    0x080034e6   Section        0  stm32f4xx_hal_uart.o(i.UART_DMAReceiveCplt)
    UART_DMAReceiveCplt                      0x080034e7   Thumb Code   130  stm32f4xx_hal_uart.o(i.UART_DMAReceiveCplt)
    i.UART_DMARxHalfCplt                     0x08003568   Section        0  stm32f4xx_hal_uart.o(i.UART_DMARxHalfCplt)
    UART_DMARxHalfCplt                       0x08003569   Thumb Code    26  stm32f4xx_hal_uart.o(i.UART_DMARxHalfCplt)
    i.UART_EndRxTransfer                     0x08003582   Section        0  stm32f4xx_hal_uart.o(i.UART_EndRxTransfer)
    UART_EndRxTransfer                       0x08003583   Thumb Code    78  stm32f4xx_hal_uart.o(i.UART_EndRxTransfer)
    i.UART_EndTxTransfer                     0x080035d0   Section        0  stm32f4xx_hal_uart.o(i.UART_EndTxTransfer)
    UART_EndTxTransfer                       0x080035d1   Thumb Code    28  stm32f4xx_hal_uart.o(i.UART_EndTxTransfer)
    i.UART_Receive_IT                        0x080035ec   Section        0  stm32f4xx_hal_uart.o(i.UART_Receive_IT)
    UART_Receive_IT                          0x080035ed   Thumb Code   192  stm32f4xx_hal_uart.o(i.UART_Receive_IT)
    i.UART_SetConfig                         0x080036ac   Section        0  stm32f4xx_hal_uart.o(i.UART_SetConfig)
    UART_SetConfig                           0x080036ad   Thumb Code   258  stm32f4xx_hal_uart.o(i.UART_SetConfig)
    i.UART_Start_Receive_DMA                 0x080037b8   Section        0  stm32f4xx_hal_uart.o(i.UART_Start_Receive_DMA)
    i.USART3_IRQHandler                      0x0800384c   Section        0  stm32f4xx_it.o(i.USART3_IRQHandler)
    i.UsageFault_Handler                     0x08003860   Section        0  stm32f4xx_it.o(i.UsageFault_Handler)
    i.WZPid                                  0x08003862   Section        0  pid.o(i.WZPid)
    i.WZPid_Init                             0x080038f8   Section        0  pid.o(i.WZPid_Init)
    i.ZLPid                                  0x08003906   Section        0  pid.o(i.ZLPid)
    i.ZLPid_Init                             0x080039a8   Section        0  pid.o(i.ZLPid_Init)
    i.__ARM_fpclassify                       0x080039b6   Section        0  fpclassify.o(i.__ARM_fpclassify)
    i.__NVIC_SetPriority                     0x080039e6   Section        0  stm32f4xx_hal_cortex.o(i.__NVIC_SetPriority)
    __NVIC_SetPriority                       0x080039e7   Thumb Code    32  stm32f4xx_hal_cortex.o(i.__NVIC_SetPriority)
    i.__hardfp_cos                           0x08003a08   Section        0  cos.o(i.__hardfp_cos)
    i.__hardfp_sin                           0x08003ad0   Section        0  sin.o(i.__hardfp_sin)
    i.__ieee754_rem_pio2                     0x08003b98   Section        0  rred.o(i.__ieee754_rem_pio2)
    i.__kernel_cos                           0x08003fd0   Section        0  cos_i.o(i.__kernel_cos)
    i.__kernel_poly                          0x08004140   Section        0  poly.o(i.__kernel_poly)
    i.__kernel_sin                           0x08004238   Section        0  sin_i.o(i.__kernel_sin)
    i.__mathlib_dbl_infnan                   0x08004368   Section        0  dunder.o(i.__mathlib_dbl_infnan)
    i.__mathlib_dbl_invalid                  0x08004380   Section        0  dunder.o(i.__mathlib_dbl_invalid)
    i.__mathlib_dbl_underflow                0x080043a0   Section        0  dunder.o(i.__mathlib_dbl_underflow)
    i.chassis_Judge                          0x080043c0   Section        0  chassis.o(i.chassis_Judge)
    i.fabs                                   0x080043f4   Section        0  fabs.o(i.fabs)
    i.main                                   0x0800440c   Section        0  main.o(i.main)
    i.remote_control                         0x08004468   Section        0  chassis.o(i.remote_control)
    x$fpl$basic                              0x08004498   Section       24  basic.o(x$fpl$basic)
    $v0                                      0x08004498   Number         0  basic.o(x$fpl$basic)
    x$fpl$dadd                               0x080044b0   Section      336  daddsub_clz.o(x$fpl$dadd)
    $v0                                      0x080044b0   Number         0  daddsub_clz.o(x$fpl$dadd)
    _dadd1                                   0x080044c1   Thumb Code     0  daddsub_clz.o(x$fpl$dadd)
    x$fpl$ddiv                               0x08004600   Section      688  ddiv.o(x$fpl$ddiv)
    $v0                                      0x08004600   Number         0  ddiv.o(x$fpl$ddiv)
    ddiv_entry                               0x08004607   Thumb Code     0  ddiv.o(x$fpl$ddiv)
    x$fpl$dfix                               0x080048b0   Section       94  dfix.o(x$fpl$dfix)
    $v0                                      0x080048b0   Number         0  dfix.o(x$fpl$dfix)
    x$fpl$dflt                               0x0800490e   Section       46  dflt_clz.o(x$fpl$dflt)
    $v0                                      0x0800490e   Number         0  dflt_clz.o(x$fpl$dflt)
    x$fpl$dfltu                              0x0800493c   Section       38  dflt_clz.o(x$fpl$dfltu)
    $v0                                      0x0800493c   Number         0  dflt_clz.o(x$fpl$dfltu)
    x$fpl$dmul                               0x08004964   Section      340  dmul.o(x$fpl$dmul)
    $v0                                      0x08004964   Number         0  dmul.o(x$fpl$dmul)
    x$fpl$dnaninf                            0x08004ab8   Section      156  dnaninf.o(x$fpl$dnaninf)
    $v0                                      0x08004ab8   Number         0  dnaninf.o(x$fpl$dnaninf)
    x$fpl$dretinf                            0x08004b54   Section       12  dretinf.o(x$fpl$dretinf)
    $v0                                      0x08004b54   Number         0  dretinf.o(x$fpl$dretinf)
    x$fpl$drsb                               0x08004b60   Section       22  daddsub_clz.o(x$fpl$drsb)
    $v0                                      0x08004b60   Number         0  daddsub_clz.o(x$fpl$drsb)
    x$fpl$dsub                               0x08004b78   Section      468  daddsub_clz.o(x$fpl$dsub)
    $v0                                      0x08004b78   Number         0  daddsub_clz.o(x$fpl$dsub)
    _dsub1                                   0x08004b89   Thumb Code     0  daddsub_clz.o(x$fpl$dsub)
    x$fpl$fpinit                             0x08004d4c   Section       10  fpinit.o(x$fpl$fpinit)
    $v0                                      0x08004d4c   Number         0  fpinit.o(x$fpl$fpinit)
    .constdata                               0x08004d56   Section        8  stm32f4xx_hal_dma.o(.constdata)
    x$fpl$usenofp                            0x08004d56   Section        0  usenofp.o(x$fpl$usenofp)
    flagBitshiftOffset                       0x08004d56   Data           8  stm32f4xx_hal_dma.o(.constdata)
    .constdata                               0x08004d5e   Section       16  system_stm32f4xx.o(.constdata)
    .constdata                               0x08004d6e   Section        8  system_stm32f4xx.o(.constdata)
    .constdata                               0x08004d78   Section       48  cos_i.o(.constdata)
    C                                        0x08004d78   Data          48  cos_i.o(.constdata)
    .constdata                               0x08004da8   Section      200  rred.o(.constdata)
    pio2s                                    0x08004da8   Data          48  rred.o(.constdata)
    twooverpi                                0x08004dd8   Data         152  rred.o(.constdata)
    .constdata                               0x08004e70   Section       40  sin_i.o(.constdata)
    S                                        0x08004e70   Data          40  sin_i.o(.constdata)
    .data                                    0x20000000   Section       40  moto.o(.data)
    .data                                    0x20000028   Section        4  remote_control.o(.data)
    .data                                    0x2000002c   Section        8  chassis.o(.data)
    .data                                    0x20000038   Section       56  gimbal.o(.data)
    .data                                    0x20000070   Section        4  can.o(.data)
    HAL_RCC_CAN1_CLK_ENABLED                 0x20000070   Data           4  can.o(.data)
    .data                                    0x20000074   Section       12  stm32f4xx_hal.o(.data)
    .data                                    0x20000080   Section        4  system_stm32f4xx.o(.data)
    .bss                                     0x20000084   Section      290  moto.o(.bss)
    .bss                                     0x200001a6   Section       90  remote_control.o(.bss)
    .bss                                     0x20000200   Section      464  pid.o(.bss)
    .bss                                     0x200003d0   Section       28  angle.o(.bss)
    .bss                                     0x200003ec   Section       80  can.o(.bss)
    .bss                                     0x2000043c   Section      144  tim.o(.bss)
    .bss                                     0x200004cc   Section      164  usart.o(.bss)
    .bss                                     0x20000570   Section       96  libspace.o(.bss)
    HEAP                                     0x200005d0   Section      512  startup_stm32f407xx.o(HEAP)
    Heap_Mem                                 0x200005d0   Data         512  startup_stm32f407xx.o(HEAP)
    STACK                                    0x200007d0   Section     1024  startup_stm32f407xx.o(STACK)
    Stack_Mem                                0x200007d0   Data        1024  startup_stm32f407xx.o(STACK)
    __initial_sp                             0x20000bd0   Data           0  startup_stm32f407xx.o(STACK)

    Global Symbols

    Symbol Name                              Value     Ov Type        Size  Object(Section)

    BuildAttributes$$THM_ISAv4$E$P$D$K$B$S$7EM$VFPi3$EXTD16$VFPS$VFMA$PE$A:L22UL41UL21$X:L11$S22US41US21$IEEE1$IW$USESV6$~STKCKD$USESV7$~SHL$OTIME$ROPI$IEEEX$EBA8$UX$STANDARDLIB$REQ8$PRES8$EABIv2 0x00000000   Number         0  anon$$obj.o ABSOLUTE
    __ARM_use_no_argv                        0x00000000   Number         0  main.o ABSOLUTE
    __ARM_exceptions_init                     - Undefined Weak Reference
    __alloca_initialize                       - Undefined Weak Reference
    __arm_preinit_                            - Undefined Weak Reference
    __cpp_initialize__aeabi_                  - Undefined Weak Reference
    __cxa_finalize                            - Undefined Weak Reference
    __rt_locale                               - Undefined Weak Reference
    __sigvec_lookup                           - Undefined Weak Reference
    _atexit_init                              - Undefined Weak Reference
    _call_atexit_fns                          - Undefined Weak Reference
    _clock_init                               - Undefined Weak Reference
    _fp_trap_init                             - Undefined Weak Reference
    _fp_trap_shutdown                         - Undefined Weak Reference
    _get_lc_collate                           - Undefined Weak Reference
    _get_lc_ctype                             - Undefined Weak Reference
    _get_lc_monetary                          - Undefined Weak Reference
    _get_lc_numeric                           - Undefined Weak Reference
    _get_lc_time                              - Undefined Weak Reference
    _getenv_init                              - Undefined Weak Reference
    _handle_redirection                       - Undefined Weak Reference
    _init_alloc                               - Undefined Weak Reference
    _init_user_alloc                          - Undefined Weak Reference
    _initio                                   - Undefined Weak Reference
    _rand_init                                - Undefined Weak Reference
    _signal_finish                            - Undefined Weak Reference
    _signal_init                              - Undefined Weak Reference
    _terminate_alloc                          - Undefined Weak Reference
    _terminate_user_alloc                     - Undefined Weak Reference
    _terminateio                              - Undefined Weak Reference
    __Vectors_Size                           0x00000188   Number         0  startup_stm32f407xx.o ABSOLUTE
    __Vectors                                0x08000000   Data           4  startup_stm32f407xx.o(RESET)
    __Vectors_End                            0x08000188   Data           0  startup_stm32f407xx.o(RESET)
    __main                                   0x08000189   Thumb Code     8  __main.o(!!!main)
    __scatterload                            0x08000191   Thumb Code     0  __scatter.o(!!!scatter)
    __scatterload_rt2                        0x08000191   Thumb Code    44  __scatter.o(!!!scatter)
    __scatterload_rt2_thumb_only             0x08000191   Thumb Code     0  __scatter.o(!!!scatter)
    __scatterload_null                       0x0800019f   Thumb Code     0  __scatter.o(!!!scatter)
    __scatterload_copy                       0x080001c5   Thumb Code    26  __scatter_copy.o(!!handler_copy)
    __scatterload_zeroinit                   0x080001e1   Thumb Code    28  __scatter_zi.o(!!handler_zi)
    __rt_lib_init                            0x080001fd   Thumb Code     0  libinit.o(.ARM.Collect$$libinit$$00000000)
    __rt_lib_init_fp_1                       0x080001ff   Thumb Code     0  libinit2.o(.ARM.Collect$$libinit$$00000001)
    __rt_lib_init_alloca_1                   0x08000203   Thumb Code     0  libinit2.o(.ARM.Collect$$libinit$$0000002E)
    __rt_lib_init_argv_1                     0x08000203   Thumb Code     0  libinit2.o(.ARM.Collect$$libinit$$0000002C)
    __rt_lib_init_atexit_1                   0x08000203   Thumb Code     0  libinit2.o(.ARM.Collect$$libinit$$0000001B)
    __rt_lib_init_clock_1                    0x08000203   Thumb Code     0  libinit2.o(.ARM.Collect$$libinit$$00000021)
    __rt_lib_init_cpp_1                      0x08000203   Thumb Code     0  libinit2.o(.ARM.Collect$$libinit$$00000032)
    __rt_lib_init_exceptions_1               0x08000203   Thumb Code     0  libinit2.o(.ARM.Collect$$libinit$$00000030)
    __rt_lib_init_fp_trap_1                  0x08000203   Thumb Code     0  libinit2.o(.ARM.Collect$$libinit$$0000001F)
    __rt_lib_init_getenv_1                   0x08000203   Thumb Code     0  libinit2.o(.ARM.Collect$$libinit$$00000023)
    __rt_lib_init_heap_1                     0x08000203   Thumb Code     0  libinit2.o(.ARM.Collect$$libinit$$0000000A)
    __rt_lib_init_lc_collate_1               0x08000203   Thumb Code     0  libinit2.o(.ARM.Collect$$libinit$$00000011)
    __rt_lib_init_lc_ctype_1                 0x08000203   Thumb Code     0  libinit2.o(.ARM.Collect$$libinit$$00000013)
    __rt_lib_init_lc_monetary_1              0x08000203   Thumb Code     0  libinit2.o(.ARM.Collect$$libinit$$00000015)
    __rt_lib_init_lc_numeric_1               0x08000203   Thumb Code     0  libinit2.o(.ARM.Collect$$libinit$$00000017)
    __rt_lib_init_lc_time_1                  0x08000203   Thumb Code     0  libinit2.o(.ARM.Collect$$libinit$$00000019)
    __rt_lib_init_preinit_1                  0x08000203   Thumb Code     0  libinit2.o(.ARM.Collect$$libinit$$00000004)
    __rt_lib_init_rand_1                     0x08000203   Thumb Code     0  libinit2.o(.ARM.Collect$$libinit$$0000000E)
    __rt_lib_init_return                     0x08000203   Thumb Code     0  libinit2.o(.ARM.Collect$$libinit$$00000033)
    __rt_lib_init_signal_1                   0x08000203   Thumb Code     0  libinit2.o(.ARM.Collect$$libinit$$0000001D)
    __rt_lib_init_stdio_1                    0x08000203   Thumb Code     0  libinit2.o(.ARM.Collect$$libinit$$00000025)
    __rt_lib_init_user_alloc_1               0x08000203   Thumb Code     0  libinit2.o(.ARM.Collect$$libinit$$0000000C)
    __rt_lib_shutdown                        0x08000205   Thumb Code     0  libshutdown.o(.ARM.Collect$$libshutdown$$00000000)
    __rt_lib_shutdown_fp_trap_1              0x08000207   Thumb Code     0  libshutdown2.o(.ARM.Collect$$libshutdown$$00000006)
    __rt_lib_shutdown_heap_1                 0x08000207   Thumb Code     0  libshutdown2.o(.ARM.Collect$$libshutdown$$0000000E)
    __rt_lib_shutdown_return                 0x08000207   Thumb Code     0  libshutdown2.o(.ARM.Collect$$libshutdown$$0000000F)
    __rt_lib_shutdown_signal_1               0x08000207   Thumb Code     0  libshutdown2.o(.ARM.Collect$$libshutdown$$00000009)
    __rt_lib_shutdown_stdio_1                0x08000207   Thumb Code     0  libshutdown2.o(.ARM.Collect$$libshutdown$$00000003)
    __rt_lib_shutdown_user_alloc_1           0x08000207   Thumb Code     0  libshutdown2.o(.ARM.Collect$$libshutdown$$0000000B)
    __rt_entry                               0x08000209   Thumb Code     0  __rtentry.o(.ARM.Collect$$rtentry$$00000000)
    __rt_entry_presh_1                       0x08000209   Thumb Code     0  __rtentry2.o(.ARM.Collect$$rtentry$$00000002)
    __rt_entry_sh                            0x08000209   Thumb Code     0  __rtentry4.o(.ARM.Collect$$rtentry$$00000004)
    __rt_entry_li                            0x0800020f   Thumb Code     0  __rtentry2.o(.ARM.Collect$$rtentry$$0000000A)
    __rt_entry_postsh_1                      0x0800020f   Thumb Code     0  __rtentry2.o(.ARM.Collect$$rtentry$$00000009)
    __rt_entry_main                          0x08000213   Thumb Code     0  __rtentry2.o(.ARM.Collect$$rtentry$$0000000D)
    __rt_entry_postli_1                      0x08000213   Thumb Code     0  __rtentry2.o(.ARM.Collect$$rtentry$$0000000C)
    __rt_exit                                0x0800021b   Thumb Code     0  rtexit.o(.ARM.Collect$$rtexit$$00000000)
    __rt_exit_ls                             0x0800021d   Thumb Code     0  rtexit2.o(.ARM.Collect$$rtexit$$00000003)
    __rt_exit_prels_1                        0x0800021d   Thumb Code     0  rtexit2.o(.ARM.Collect$$rtexit$$00000002)
    __rt_exit_exit                           0x08000221   Thumb Code     0  rtexit2.o(.ARM.Collect$$rtexit$$00000004)
    Reset_Handler                            0x08000229   Thumb Code     8  startup_stm32f407xx.o(.text)
    ADC_IRQHandler                           0x08000243   Thumb Code     0  startup_stm32f407xx.o(.text)
    CAN1_RX1_IRQHandler                      0x08000243   Thumb Code     0  startup_stm32f407xx.o(.text)
    CAN1_SCE_IRQHandler                      0x08000243   Thumb Code     0  startup_stm32f407xx.o(.text)
    CAN1_TX_IRQHandler                       0x08000243   Thumb Code     0  startup_stm32f407xx.o(.text)
    CAN2_RX1_IRQHandler                      0x08000243   Thumb Code     0  startup_stm32f407xx.o(.text)
    CAN2_SCE_IRQHandler                      0x08000243   Thumb Code     0  startup_stm32f407xx.o(.text)
    CAN2_TX_IRQHandler                       0x08000243   Thumb Code     0  startup_stm32f407xx.o(.text)
    DCMI_IRQHandler                          0x08000243   Thumb Code     0  startup_stm32f407xx.o(.text)
    DMA1_Stream0_IRQHandler                  0x08000243   Thumb Code     0  startup_stm32f407xx.o(.text)
    DMA1_Stream2_IRQHandler                  0x08000243   Thumb Code     0  startup_stm32f407xx.o(.text)
    DMA1_Stream3_IRQHandler                  0x08000243   Thumb Code     0  startup_stm32f407xx.o(.text)
    DMA1_Stream4_IRQHandler                  0x08000243   Thumb Code     0  startup_stm32f407xx.o(.text)
    DMA1_Stream5_IRQHandler                  0x08000243   Thumb Code     0  startup_stm32f407xx.o(.text)
    DMA1_Stream6_IRQHandler                  0x08000243   Thumb Code     0  startup_stm32f407xx.o(.text)
    DMA1_Stream7_IRQHandler                  0x08000243   Thumb Code     0  startup_stm32f407xx.o(.text)
    DMA2_Stream0_IRQHandler                  0x08000243   Thumb Code     0  startup_stm32f407xx.o(.text)
    DMA2_Stream1_IRQHandler                  0x08000243   Thumb Code     0  startup_stm32f407xx.o(.text)
    DMA2_Stream2_IRQHandler                  0x08000243   Thumb Code     0  startup_stm32f407xx.o(.text)
    DMA2_Stream3_IRQHandler                  0x08000243   Thumb Code     0  startup_stm32f407xx.o(.text)
    DMA2_Stream4_IRQHandler                  0x08000243   Thumb Code     0  startup_stm32f407xx.o(.text)
    DMA2_Stream5_IRQHandler                  0x08000243   Thumb Code     0  startup_stm32f407xx.o(.text)
    DMA2_Stream6_IRQHandler                  0x08000243   Thumb Code     0  startup_stm32f407xx.o(.text)
    DMA2_Stream7_IRQHandler                  0x08000243   Thumb Code     0  startup_stm32f407xx.o(.text)
    ETH_IRQHandler                           0x08000243   Thumb Code     0  startup_stm32f407xx.o(.text)
    ETH_WKUP_IRQHandler                      0x08000243   Thumb Code     0  startup_stm32f407xx.o(.text)
    EXTI0_IRQHandler                         0x08000243   Thumb Code     0  startup_stm32f407xx.o(.text)
    EXTI15_10_IRQHandler                     0x08000243   Thumb Code     0  startup_stm32f407xx.o(.text)
    EXTI1_IRQHandler                         0x08000243   Thumb Code     0  startup_stm32f407xx.o(.text)
    EXTI2_IRQHandler                         0x08000243   Thumb Code     0  startup_stm32f407xx.o(.text)
    EXTI3_IRQHandler                         0x08000243   Thumb Code     0  startup_stm32f407xx.o(.text)
    EXTI4_IRQHandler                         0x08000243   Thumb Code     0  startup_stm32f407xx.o(.text)
    EXTI9_5_IRQHandler                       0x08000243   Thumb Code     0  startup_stm32f407xx.o(.text)
    FLASH_IRQHandler                         0x08000243   Thumb Code     0  startup_stm32f407xx.o(.text)
    FMC_IRQHandler                           0x08000243   Thumb Code     0  startup_stm32f407xx.o(.text)
    FPU_IRQHandler                           0x08000243   Thumb Code     0  startup_stm32f407xx.o(.text)
    HASH_RNG_IRQHandler                      0x08000243   Thumb Code     0  startup_stm32f407xx.o(.text)
    I2C1_ER_IRQHandler                       0x08000243   Thumb Code     0  startup_stm32f407xx.o(.text)
    I2C1_EV_IRQHandler                       0x08000243   Thumb Code     0  startup_stm32f407xx.o(.text)
    I2C2_ER_IRQHandler                       0x08000243   Thumb Code     0  startup_stm32f407xx.o(.text)
    I2C2_EV_IRQHandler                       0x08000243   Thumb Code     0  startup_stm32f407xx.o(.text)
    I2C3_ER_IRQHandler                       0x08000243   Thumb Code     0  startup_stm32f407xx.o(.text)
    I2C3_EV_IRQHandler                       0x08000243   Thumb Code     0  startup_stm32f407xx.o(.text)
    OTG_FS_IRQHandler                        0x08000243   Thumb Code     0  startup_stm32f407xx.o(.text)
    OTG_FS_WKUP_IRQHandler                   0x08000243   Thumb Code     0  startup_stm32f407xx.o(.text)
    OTG_HS_EP1_IN_IRQHandler                 0x08000243   Thumb Code     0  startup_stm32f407xx.o(.text)
    OTG_HS_EP1_OUT_IRQHandler                0x08000243   Thumb Code     0  startup_stm32f407xx.o(.text)
    OTG_HS_IRQHandler                        0x08000243   Thumb Code     0  startup_stm32f407xx.o(.text)
    OTG_HS_WKUP_IRQHandler                   0x08000243   Thumb Code     0  startup_stm32f407xx.o(.text)
    PVD_IRQHandler                           0x08000243   Thumb Code     0  startup_stm32f407xx.o(.text)
    RCC_IRQHandler                           0x08000243   Thumb Code     0  startup_stm32f407xx.o(.text)
    RTC_Alarm_IRQHandler                     0x08000243   Thumb Code     0  startup_stm32f407xx.o(.text)
    RTC_WKUP_IRQHandler                      0x08000243   Thumb Code     0  startup_stm32f407xx.o(.text)
    SDIO_IRQHandler                          0x08000243   Thumb Code     0  startup_stm32f407xx.o(.text)
    SPI1_IRQHandler                          0x08000243   Thumb Code     0  startup_stm32f407xx.o(.text)
    SPI2_IRQHandler                          0x08000243   Thumb Code     0  startup_stm32f407xx.o(.text)
    SPI3_IRQHandler                          0x08000243   Thumb Code     0  startup_stm32f407xx.o(.text)
    TAMP_STAMP_IRQHandler                    0x08000243   Thumb Code     0  startup_stm32f407xx.o(.text)
    TIM1_BRK_TIM9_IRQHandler                 0x08000243   Thumb Code     0  startup_stm32f407xx.o(.text)
    TIM1_CC_IRQHandler                       0x08000243   Thumb Code     0  startup_stm32f407xx.o(.text)
    TIM1_TRG_COM_TIM11_IRQHandler            0x08000243   Thumb Code     0  startup_stm32f407xx.o(.text)
    TIM1_UP_TIM10_IRQHandler                 0x08000243   Thumb Code     0  startup_stm32f407xx.o(.text)
    TIM2_IRQHandler                          0x08000243   Thumb Code     0  startup_stm32f407xx.o(.text)
    TIM5_IRQHandler                          0x08000243   Thumb Code     0  startup_stm32f407xx.o(.text)
    TIM6_DAC_IRQHandler                      0x08000243   Thumb Code     0  startup_stm32f407xx.o(.text)
    TIM7_IRQHandler                          0x08000243   Thumb Code     0  startup_stm32f407xx.o(.text)
    TIM8_BRK_TIM12_IRQHandler                0x08000243   Thumb Code     0  startup_stm32f407xx.o(.text)
    TIM8_CC_IRQHandler                       0x08000243   Thumb Code     0  startup_stm32f407xx.o(.text)
    TIM8_TRG_COM_TIM14_IRQHandler            0x08000243   Thumb Code     0  startup_stm32f407xx.o(.text)
    TIM8_UP_TIM13_IRQHandler                 0x08000243   Thumb Code     0  startup_stm32f407xx.o(.text)
    UART4_IRQHandler                         0x08000243   Thumb Code     0  startup_stm32f407xx.o(.text)
    UART5_IRQHandler                         0x08000243   Thumb Code     0  startup_stm32f407xx.o(.text)
    USART1_IRQHandler                        0x08000243   Thumb Code     0  startup_stm32f407xx.o(.text)
    USART2_IRQHandler                        0x08000243   Thumb Code     0  startup_stm32f407xx.o(.text)
    USART6_IRQHandler                        0x08000243   Thumb Code     0  startup_stm32f407xx.o(.text)
    WWDG_IRQHandler                          0x08000243   Thumb Code     0  startup_stm32f407xx.o(.text)
    __user_initial_stackheap                 0x08000245   Thumb Code     0  startup_stm32f407xx.o(.text)
    __aeabi_uldivmod                         0x08000269   Thumb Code     0  lludivv7m.o(.text)
    _ll_udiv                                 0x08000269   Thumb Code   238  lludivv7m.o(.text)
    __aeabi_memclr4                          0x08000357   Thumb Code     0  rt_memclr_w.o(.text)
    __aeabi_memclr8                          0x08000357   Thumb Code     0  rt_memclr_w.o(.text)
    __rt_memclr_w                            0x08000357   Thumb Code    78  rt_memclr_w.o(.text)
    _memset_w                                0x0800035b   Thumb Code     0  rt_memclr_w.o(.text)
    __use_two_region_memory                  0x080003a5   Thumb Code     2  heapauxi.o(.text)
    __rt_heap_escrow$2region                 0x080003a7   Thumb Code     2  heapauxi.o(.text)
    __rt_heap_expand$2region                 0x080003a9   Thumb Code     2  heapauxi.o(.text)
    __read_errno                             0x080003ab   Thumb Code    10  _rserrno.o(.text)
    __set_errno                              0x080003b5   Thumb Code    12  _rserrno.o(.text)
    __aeabi_errno_addr                       0x080003c1   Thumb Code     8  rt_errno_addr_intlibspace.o(.text)
    __errno$intlibspace                      0x080003c1   Thumb Code     0  rt_errno_addr_intlibspace.o(.text)
    __rt_errno_addr$intlibspace              0x080003c1   Thumb Code     0  rt_errno_addr_intlibspace.o(.text)
    __user_libspace                          0x080003c9   Thumb Code     8  libspace.o(.text)
    __user_perproc_libspace                  0x080003c9   Thumb Code     0  libspace.o(.text)
    __user_perthread_libspace                0x080003c9   Thumb Code     0  libspace.o(.text)
    __user_setup_stackheap                   0x080003d1   Thumb Code    74  sys_stackheap_outer.o(.text)
    exit                                     0x0800041b   Thumb Code    12  exit.o(.text)
    _sys_exit                                0x08000429   Thumb Code     8  sys_exit.o(.text)
    __I$use$semihosting                      0x08000435   Thumb Code     0  use_no_semi.o(.text)
    __use_no_semihosting_swi                 0x08000435   Thumb Code     2  use_no_semi.o(.text)
    ABS                                      0x08000437   Thumb Code    10  angle.o(i.ABS)
    __semihosting_library_function           0x08000437   Thumb Code     0  indicate_semi.o(.text)
    All_Pid_Init                             0x08000441   Thumb Code   354  pid.o(i.All_Pid_Init)
    Angle_Turn                               0x080005c9   Thumb Code    88  angle.o(i.Angle_Turn)
    BusFault_Handler                         0x08000621   Thumb Code     2  stm32f4xx_it.o(i.BusFault_Handler)
    CAN1_RX0_IRQHandler                      0x08000625   Thumb Code     6  stm32f4xx_it.o(i.CAN1_RX0_IRQHandler)
    CAN2_RX0_IRQHandler                      0x08000631   Thumb Code     6  stm32f4xx_it.o(i.CAN2_RX0_IRQHandler)
    CanFilter_Init                           0x0800063d   Thumb Code    78  moto.o(i.CanFilter_Init)
    ChassisData_processing                   0x08000695   Thumb Code    78  chassis.o(i.ChassisData_processing)
    ChassisData_processing2                  0x080006f1   Thumb Code   362  chassis.o(i.ChassisData_processing2)
    Controller_handler                       0x08000881   Thumb Code   246  remote_control.o(i.Controller_handler)
    DMA1_Stream1_IRQHandler                  0x0800097d   Thumb Code     6  stm32f4xx_it.o(i.DMA1_Stream1_IRQHandler)
    Data_Count                               0x08000a2d   Thumb Code    70  chassis.o(i.Data_Count)
    DebugMon_Handler                         0x08000a81   Thumb Code     2  stm32f4xx_it.o(i.DebugMon_Handler)
    Error_Handler                            0x08000a83   Thumb Code     4  main.o(i.Error_Handler)
    Gimbal_Judge                             0x08000a89   Thumb Code    46  gimbal.o(i.Gimbal_Judge)
    Gimbal_RC                                0x08000ac1   Thumb Code   238  gimbal.o(i.Gimbal_RC)
    Gimbal_RC2                               0x08000bc5   Thumb Code   230  gimbal.o(i.Gimbal_RC2)
    Gimbal_Turn                              0x08000cc1   Thumb Code   188  gimbal.o(i.Gimbal_Turn)
    Gimbal_follow                            0x08000da5   Thumb Code   142  gimbal.o(i.Gimbal_follow)
    HAL_CAN_ActivateNotification             0x08000e49   Thumb Code    36  stm32f4xx_hal_can.o(i.HAL_CAN_ActivateNotification)
    HAL_CAN_AddTxMessage                     0x08000e6d   Thumb Code   200  stm32f4xx_hal_can.o(i.HAL_CAN_AddTxMessage)
    HAL_CAN_ConfigFilter                     0x08000f35   Thumb Code   262  stm32f4xx_hal_can.o(i.HAL_CAN_ConfigFilter)
    HAL_CAN_ErrorCallback                    0x08001041   Thumb Code     2  stm32f4xx_hal_can.o(i.HAL_CAN_ErrorCallback)
    HAL_CAN_GetRxMessage                     0x08001043   Thumb Code   232  stm32f4xx_hal_can.o(i.HAL_CAN_GetRxMessage)
    HAL_CAN_IRQHandler                       0x0800112b   Thumb Code   508  stm32f4xx_hal_can.o(i.HAL_CAN_IRQHandler)
    HAL_CAN_Init                             0x08001327   Thumb Code   282  stm32f4xx_hal_can.o(i.HAL_CAN_Init)
    HAL_CAN_MspInit                          0x08001441   Thumb Code   226  can.o(i.HAL_CAN_MspInit)
    HAL_CAN_RxFifo0FullCallback              0x0800153d   Thumb Code     2  stm32f4xx_hal_can.o(i.HAL_CAN_RxFifo0FullCallback)
    HAL_CAN_RxFifo0MsgPendingCallback        0x08001541   Thumb Code   366  moto.o(i.HAL_CAN_RxFifo0MsgPendingCallback)
    HAL_CAN_RxFifo1FullCallback              0x080016c1   Thumb Code     2  stm32f4xx_hal_can.o(i.HAL_CAN_RxFifo1FullCallback)
    HAL_CAN_RxFifo1MsgPendingCallback        0x080016c3   Thumb Code     2  stm32f4xx_hal_can.o(i.HAL_CAN_RxFifo1MsgPendingCallback)
    HAL_CAN_SleepCallback                    0x080016c5   Thumb Code     2  stm32f4xx_hal_can.o(i.HAL_CAN_SleepCallback)
    HAL_CAN_Start                            0x080016c9   Thumb Code    88  stm32f4xx_hal_can.o(i.HAL_CAN_Start)
    HAL_CAN_TxMailbox0AbortCallback          0x08001721   Thumb Code     2  stm32f4xx_hal_can.o(i.HAL_CAN_TxMailbox0AbortCallback)
    HAL_CAN_TxMailbox0CompleteCallback       0x08001723   Thumb Code     2  stm32f4xx_hal_can.o(i.HAL_CAN_TxMailbox0CompleteCallback)
    HAL_CAN_TxMailbox1AbortCallback          0x08001725   Thumb Code     2  stm32f4xx_hal_can.o(i.HAL_CAN_TxMailbox1AbortCallback)
    HAL_CAN_TxMailbox1CompleteCallback       0x08001727   Thumb Code     2  stm32f4xx_hal_can.o(i.HAL_CAN_TxMailbox1CompleteCallback)
    HAL_CAN_TxMailbox2AbortCallback          0x08001729   Thumb Code     2  stm32f4xx_hal_can.o(i.HAL_CAN_TxMailbox2AbortCallback)
    HAL_CAN_TxMailbox2CompleteCallback       0x0800172b   Thumb Code     2  stm32f4xx_hal_can.o(i.HAL_CAN_TxMailbox2CompleteCallback)
    HAL_CAN_WakeUpFromRxMsgCallback          0x0800172d   Thumb Code     2  stm32f4xx_hal_can.o(i.HAL_CAN_WakeUpFromRxMsgCallback)
    HAL_DMA_Abort                            0x0800172f   Thumb Code   146  stm32f4xx_hal_dma.o(i.HAL_DMA_Abort)
    HAL_DMA_Abort_IT                         0x080017c1   Thumb Code    36  stm32f4xx_hal_dma.o(i.HAL_DMA_Abort_IT)
    HAL_DMA_IRQHandler                       0x080017e5   Thumb Code   412  stm32f4xx_hal_dma.o(i.HAL_DMA_IRQHandler)
    HAL_DMA_Init                             0x08001985   Thumb Code   206  stm32f4xx_hal_dma.o(i.HAL_DMA_Init)
    HAL_DMA_Start_IT                         0x08001a59   Thumb Code   110  stm32f4xx_hal_dma.o(i.HAL_DMA_Start_IT)
    HAL_GPIO_Init                            0x08001ac9   Thumb Code   450  stm32f4xx_hal_gpio.o(i.HAL_GPIO_Init)
    HAL_GetTick                              0x08001cb9   Thumb Code     6  stm32f4xx_hal.o(i.HAL_GetTick)
    HAL_IncTick                              0x08001cc5   Thumb Code    12  stm32f4xx_hal.o(i.HAL_IncTick)
    HAL_Init                                 0x08001cd5   Thumb Code    48  stm32f4xx_hal.o(i.HAL_Init)
    HAL_InitTick                             0x08001d09   Thumb Code    54  stm32f4xx_hal.o(i.HAL_InitTick)
    HAL_MspInit                              0x08001d49   Thumb Code    42  stm32f4xx_hal_msp.o(i.HAL_MspInit)
    HAL_NVIC_EnableIRQ                       0x08001d79   Thumb Code    26  stm32f4xx_hal_cortex.o(i.HAL_NVIC_EnableIRQ)
    HAL_NVIC_SetPriority                     0x08001d95   Thumb Code    60  stm32f4xx_hal_cortex.o(i.HAL_NVIC_SetPriority)
    HAL_NVIC_SetPriorityGrouping             0x08001dd5   Thumb Code    26  stm32f4xx_hal_cortex.o(i.HAL_NVIC_SetPriorityGrouping)
    HAL_RCC_ClockConfig                      0x08001df9   Thumb Code   288  stm32f4xx_hal_rcc.o(i.HAL_RCC_ClockConfig)
    HAL_RCC_GetPCLK1Freq                     0x08001f2d   Thumb Code    20  stm32f4xx_hal_rcc.o(i.HAL_RCC_GetPCLK1Freq)
    HAL_RCC_GetPCLK2Freq                     0x08001f4d   Thumb Code    20  stm32f4xx_hal_rcc.o(i.HAL_RCC_GetPCLK2Freq)
    HAL_RCC_GetSysClockFreq                  0x08001f6d   Thumb Code    88  stm32f4xx_hal_rcc.o(i.HAL_RCC_GetSysClockFreq)
    HAL_RCC_OscConfig                        0x08001fd1   Thumb Code   856  stm32f4xx_hal_rcc.o(i.HAL_RCC_OscConfig)
    HAL_SYSTICK_Config                       0x0800233d   Thumb Code    40  stm32f4xx_hal_cortex.o(i.HAL_SYSTICK_Config)
    HAL_TIMEx_BreakCallback                  0x08002365   Thumb Code     2  stm32f4xx_hal_tim_ex.o(i.HAL_TIMEx_BreakCallback)
    HAL_TIMEx_CommutCallback                 0x08002367   Thumb Code     2  stm32f4xx_hal_tim_ex.o(i.HAL_TIMEx_CommutCallback)
    HAL_TIMEx_MasterConfigSynchronization    0x08002369   Thumb Code   116  stm32f4xx_hal_tim_ex.o(i.HAL_TIMEx_MasterConfigSynchronization)
    HAL_TIM_Base_Init                        0x080023f9   Thumb Code    90  stm32f4xx_hal_tim.o(i.HAL_TIM_Base_Init)
    HAL_TIM_Base_MspInit                     0x08002455   Thumb Code    86  tim.o(i.HAL_TIM_Base_MspInit)
    HAL_TIM_Base_Start_IT                    0x080024b9   Thumb Code   100  stm32f4xx_hal_tim.o(i.HAL_TIM_Base_Start_IT)
    HAL_TIM_ConfigClockSource                0x08002539   Thumb Code   220  stm32f4xx_hal_tim.o(i.HAL_TIM_ConfigClockSource)
    HAL_TIM_IC_CaptureCallback               0x08002615   Thumb Code     2  stm32f4xx_hal_tim.o(i.HAL_TIM_IC_CaptureCallback)
    HAL_TIM_IRQHandler                       0x08002617   Thumb Code   358  stm32f4xx_hal_tim.o(i.HAL_TIM_IRQHandler)
    HAL_TIM_OC_DelayElapsedCallback          0x0800277d   Thumb Code     2  stm32f4xx_hal_tim.o(i.HAL_TIM_OC_DelayElapsedCallback)
    HAL_TIM_PWM_PulseFinishedCallback        0x0800277f   Thumb Code     2  stm32f4xx_hal_tim.o(i.HAL_TIM_PWM_PulseFinishedCallback)
    HAL_TIM_PeriodElapsedCallback            0x08002781   Thumb Code     2  stm32f4xx_hal_tim.o(i.HAL_TIM_PeriodElapsedCallback)
    HAL_TIM_TriggerCallback                  0x08002783   Thumb Code     2  stm32f4xx_hal_tim.o(i.HAL_TIM_TriggerCallback)
    HAL_UARTEx_RxEventCallback               0x08002785   Thumb Code     2  stm32f4xx_hal_uart.o(i.HAL_UARTEx_RxEventCallback)
    HAL_UART_DMAStop                         0x08002787   Thumb Code   112  stm32f4xx_hal_uart.o(i.HAL_UART_DMAStop)
    HAL_UART_ErrorCallback                   0x080027f7   Thumb Code     2  stm32f4xx_hal_uart.o(i.HAL_UART_ErrorCallback)
    HAL_UART_IRQHandler                      0x080027f9   Thumb Code   610  stm32f4xx_hal_uart.o(i.HAL_UART_IRQHandler)
    HAL_UART_Init                            0x08002a61   Thumb Code    98  stm32f4xx_hal_uart.o(i.HAL_UART_Init)
    HAL_UART_MspInit                         0x08002ac5   Thumb Code   158  usart.o(i.HAL_UART_MspInit)
    HAL_UART_Receive_DMA                     0x08002b79   Thumb Code    42  stm32f4xx_hal_uart.o(i.HAL_UART_Receive_DMA)
    HAL_UART_RxCpltCallback                  0x08002ba3   Thumb Code     2  stm32f4xx_hal_uart.o(i.HAL_UART_RxCpltCallback)
    HAL_UART_RxHalfCpltCallback              0x08002ba5   Thumb Code     2  stm32f4xx_hal_uart.o(i.HAL_UART_RxHalfCpltCallback)
    HAL_UART_TxCpltCallback                  0x08002ba7   Thumb Code     2  stm32f4xx_hal_uart.o(i.HAL_UART_TxCpltCallback)
    HardFault_Handler                        0x08002ba9   Thumb Code     2  stm32f4xx_it.o(i.HardFault_Handler)
    IDLE_Handler                             0x08002bad   Thumb Code    66  remote_control.o(i.IDLE_Handler)
    JD_WZPid                                 0x08002c01   Thumb Code   220  pid.o(i.JD_WZPid)
    MX_CAN1_Init                             0x08002ce9   Thumb Code    62  can.o(i.MX_CAN1_Init)
    MX_CAN2_Init                             0x08002d31   Thumb Code    62  can.o(i.MX_CAN2_Init)
    MX_DMA_Init                              0x08002d79   Thumb Code    40  dma.o(i.MX_DMA_Init)
    MX_GPIO_Init                             0x08002da5   Thumb Code    70  gpio.o(i.MX_GPIO_Init)
    MX_TIM3_Init                             0x08002df1   Thumb Code    94  tim.o(i.MX_TIM3_Init)
    MX_TIM4_Init                             0x08002e59   Thumb Code    96  tim.o(i.MX_TIM4_Init)
    MX_USART3_UART_Init                      0x08002ec1   Thumb Code    54  usart.o(i.MX_USART3_UART_Init)
    MemManage_Handler                        0x08002f05   Thumb Code     2  stm32f4xx_it.o(i.MemManage_Handler)
    Moto_Current_Output                      0x08002f09   Thumb Code    42  moto.o(i.Moto_Current_Output)
    Moto_Current_Output2                     0x08002f41   Thumb Code    56  moto.o(i.Moto_Current_Output2)
    Moto_Current_Output3                     0x08002f89   Thumb Code    42  moto.o(i.Moto_Current_Output3)
    Moto_Init                                0x08002fc1   Thumb Code    38  moto.o(i.Moto_Init)
    NMI_Handler                              0x08002ff1   Thumb Code     2  stm32f4xx_it.o(i.NMI_Handler)
    PendSV_Handler                           0x08002ff3   Thumb Code     2  stm32f4xx_it.o(i.PendSV_Handler)
    Remote_Control_Init                      0x08002ff5   Thumb Code    32  remote_control.o(i.Remote_Control_Init)
    Rx_Moto_Init                             0x0800301d   Thumb Code    22  moto.o(i.Rx_Moto_Init)
    Rx_Moto_Init2                            0x08003039   Thumb Code    22  moto.o(i.Rx_Moto_Init2)
    SVC_Handler                              0x08003055   Thumb Code     2  stm32f4xx_it.o(i.SVC_Handler)
    SysTick_Handler                          0x08003057   Thumb Code     4  stm32f4xx_it.o(i.SysTick_Handler)
    SystemClock_Config                       0x0800305d   Thumb Code   140  main.o(i.SystemClock_Config)
    SystemInit                               0x080030f1   Thumb Code    12  system_stm32f4xx.o(i.SystemInit)
    TIM3_IRQHandler                          0x08003101   Thumb Code   466  stm32f4xx_it.o(i.TIM3_IRQHandler)
    TIM4_IRQHandler                          0x080032e5   Thumb Code    40  stm32f4xx_it.o(i.TIM4_IRQHandler)
    TIM_Base_SetConfig                       0x08003319   Thumb Code   156  stm32f4xx_hal_tim.o(i.TIM_Base_SetConfig)
    TIM_ETR_SetConfig                        0x080033e1   Thumb Code    20  stm32f4xx_hal_tim.o(i.TIM_ETR_SetConfig)
    Tx_Moto_Init                             0x0800344d   Thumb Code    60  moto.o(i.Tx_Moto_Init)
    UART_Start_Receive_DMA                   0x080037b9   Thumb Code   134  stm32f4xx_hal_uart.o(i.UART_Start_Receive_DMA)
    USART3_IRQHandler                        0x0800384d   Thumb Code    16  stm32f4xx_it.o(i.USART3_IRQHandler)
    UsageFault_Handler                       0x08003861   Thumb Code     2  stm32f4xx_it.o(i.UsageFault_Handler)
    WZPid                                    0x08003863   Thumb Code   150  pid.o(i.WZPid)
    WZPid_Init                               0x080038f9   Thumb Code    14  pid.o(i.WZPid_Init)
    ZLPid                                    0x08003907   Thumb Code   162  pid.o(i.ZLPid)
    ZLPid_Init                               0x080039a9   Thumb Code    14  pid.o(i.ZLPid_Init)
    __ARM_fpclassify                         0x080039b7   Thumb Code    48  fpclassify.o(i.__ARM_fpclassify)
    __hardfp_cos                             0x08003a09   Thumb Code   180  cos.o(i.__hardfp_cos)
    __hardfp_sin                             0x08003ad1   Thumb Code   180  sin.o(i.__hardfp_sin)
    __ieee754_rem_pio2                       0x08003b99   Thumb Code   938  rred.o(i.__ieee754_rem_pio2)
    __kernel_cos                             0x08003fd1   Thumb Code   322  cos_i.o(i.__kernel_cos)
    __kernel_poly                            0x08004141   Thumb Code   248  poly.o(i.__kernel_poly)
    __kernel_sin                             0x08004239   Thumb Code   280  sin_i.o(i.__kernel_sin)
    __mathlib_dbl_infnan                     0x08004369   Thumb Code    20  dunder.o(i.__mathlib_dbl_infnan)
    __mathlib_dbl_invalid                    0x08004381   Thumb Code    24  dunder.o(i.__mathlib_dbl_invalid)
    __mathlib_dbl_underflow                  0x080043a1   Thumb Code    24  dunder.o(i.__mathlib_dbl_underflow)
    chassis_Judge                            0x080043c1   Thumb Code    48  chassis.o(i.chassis_Judge)
    fabs                                     0x080043f5   Thumb Code    24  fabs.o(i.fabs)
    main                                     0x0800440d   Thumb Code    74  main.o(i.main)
    remote_control                           0x08004469   Thumb Code    38  chassis.o(i.remote_control)
    __aeabi_dneg                             0x08004499   Thumb Code     0  basic.o(x$fpl$basic)
    _dneg                                    0x08004499   Thumb Code     6  basic.o(x$fpl$basic)
    __aeabi_fneg                             0x0800449f   Thumb Code     0  basic.o(x$fpl$basic)
    _fneg                                    0x0800449f   Thumb Code     6  basic.o(x$fpl$basic)
    _dabs                                    0x080044a5   Thumb Code     6  basic.o(x$fpl$basic)
    _fabs                                    0x080044ab   Thumb Code     6  basic.o(x$fpl$basic)
    __aeabi_dadd                             0x080044b1   Thumb Code     0  daddsub_clz.o(x$fpl$dadd)
    _dadd                                    0x080044b1   Thumb Code   332  daddsub_clz.o(x$fpl$dadd)
    __aeabi_ddiv                             0x08004601   Thumb Code     0  ddiv.o(x$fpl$ddiv)
    _ddiv                                    0x08004601   Thumb Code   552  ddiv.o(x$fpl$ddiv)
    __aeabi_d2iz                             0x080048b1   Thumb Code     0  dfix.o(x$fpl$dfix)
    _dfix                                    0x080048b1   Thumb Code    94  dfix.o(x$fpl$dfix)
    __aeabi_i2d                              0x0800490f   Thumb Code     0  dflt_clz.o(x$fpl$dflt)
    _dflt                                    0x0800490f   Thumb Code    46  dflt_clz.o(x$fpl$dflt)
    __aeabi_ui2d                             0x0800493d   Thumb Code     0  dflt_clz.o(x$fpl$dfltu)
    _dfltu                                   0x0800493d   Thumb Code    38  dflt_clz.o(x$fpl$dfltu)
    __aeabi_dmul                             0x08004965   Thumb Code     0  dmul.o(x$fpl$dmul)
    _dmul                                    0x08004965   Thumb Code   332  dmul.o(x$fpl$dmul)
    __fpl_dnaninf                            0x08004ab9   Thumb Code   156  dnaninf.o(x$fpl$dnaninf)
    __fpl_dretinf                            0x08004b55   Thumb Code    12  dretinf.o(x$fpl$dretinf)
    __aeabi_drsub                            0x08004b61   Thumb Code     0  daddsub_clz.o(x$fpl$drsb)
    _drsb                                    0x08004b61   Thumb Code    22  daddsub_clz.o(x$fpl$drsb)
    __aeabi_dsub                             0x08004b79   Thumb Code     0  daddsub_clz.o(x$fpl$dsub)
    _dsub                                    0x08004b79   Thumb Code   464  daddsub_clz.o(x$fpl$dsub)
    _fp_init                                 0x08004d4d   Thumb Code    10  fpinit.o(x$fpl$fpinit)
    __fplib_config_fpu_vfp                   0x08004d55   Thumb Code     0  fpinit.o(x$fpl$fpinit)
    __fplib_config_pureend_doubles           0x08004d55   Thumb Code     0  fpinit.o(x$fpl$fpinit)
    __I$use$fp                               0x08004d56   Number         0  usenofp.o(x$fpl$usenofp)
    AHBPrescTable                            0x08004d5e   Data          16  system_stm32f4xx.o(.constdata)
    APBPrescTable                            0x08004d6e   Data           8  system_stm32f4xx.o(.constdata)
    Region$$Table$$Base                      0x08004e98   Number         0  anon$$obj.o(Region$$Table)
    Region$$Table$$Limit                     0x08004eb8   Number         0  anon$$obj.o(Region$$Table)
    TX_MOTO_CURRENT                          0x20000000   Data           8  moto.o(.data)
    TX_MOTO_CURRENT2                         0x20000008   Data           8  moto.o(.data)
    TX_MOTO_CURRENT3                         0x20000010   Data           8  moto.o(.data)
    RX_MOTO_DATA                             0x20000018   Data           8  moto.o(.data)
    RX_MOTO_DATA2                            0x20000020   Data           8  moto.o(.data)
    Remote_Control_Normal                    0x20000028   Data           4  remote_control.o(.data)
    WS_Count                                 0x2000002c   Data           4  chassis.o(.data)
    AD_Count                                 0x20000030   Data           4  chassis.o(.data)
    flag1                                    0x20000038   Data           4  gimbal.o(.data)
    Turn_Data                                0x20000040   Data           8  gimbal.o(.data)
    Turn_Data2                               0x20000048   Data           8  gimbal.o(.data)
    inc_x                                    0x20000050   Data           8  gimbal.o(.data)
    inc_y                                    0x20000058   Data           8  gimbal.o(.data)
    inc_x2                                   0x20000060   Data           8  gimbal.o(.data)
    inc_y2                                   0x20000068   Data           8  gimbal.o(.data)
    uwTickFreq                               0x20000074   Data           1  stm32f4xx_hal.o(.data)
    uwTickPrio                               0x20000078   Data           4  stm32f4xx_hal.o(.data)
    uwTick                                   0x2000007c   Data           4  stm32f4xx_hal.o(.data)
    SystemCoreClock                          0x20000080   Data           4  system_stm32f4xx.o(.data)
    Can_HandleTxMsg3                         0x20000084   Data          24  moto.o(.bss)
    Can_HandleTxMsg2                         0x2000009c   Data          24  moto.o(.bss)
    Can_HandleTxMsg                          0x200000b4   Data          24  moto.o(.bss)
    CAN_HandleRxMsg                          0x200000cc   Data          28  moto.o(.bss)
    CAN_HandleRxMsg2                         0x200000e8   Data          28  moto.o(.bss)
    MotoData                                 0x20000104   Data         162  moto.o(.bss)
    controller_data                          0x200001a6   Data          36  remote_control.o(.bss)
    Remote_Control                           0x200001ca   Data          54  remote_control.o(.bss)
    Pid                                      0x20000200   Data         464  pid.o(.bss)
    Angle                                    0x200003d0   Data          28  angle.o(.bss)
    hcan1                                    0x200003ec   Data          40  can.o(.bss)
    hcan2                                    0x20000414   Data          40  can.o(.bss)
    htim3                                    0x2000043c   Data          72  tim.o(.bss)
    htim4                                    0x20000484   Data          72  tim.o(.bss)
    huart3                                   0x200004cc   Data          68  usart.o(.bss)
    hdma_usart3_rx                           0x20000510   Data          96  usart.o(.bss)
    __libspace_start                         0x20000570   Data          96  libspace.o(.bss)
    __temporary_stack_top$libspace           0x200005d0   Data           0  libspace.o(.bss)



==============================================================================

Memory Map of the image

  Image Entry point : 0x08000189

  Load Region LR_IROM1 (Base: 0x08000000, Size: 0x00004f3c, Max: 0x00100000, ABSOLUTE)

    Execution Region ER_IROM1 (Base: 0x08000000, Size: 0x00004eb8, Max: 0x00100000, ABSOLUTE)

    Base Addr    Size         Type   Attr      Idx    E Section Name        Object

    0x08000000   0x00000188   Data   RO            3    RESET               startup_stm32f407xx.o
    0x08000188   0x00000008   Code   RO         3602  * !!!main             c_w.l(__main.o)
    0x08000190   0x00000034   Code   RO         3866    !!!scatter          c_w.l(__scatter.o)
    0x080001c4   0x0000001a   Code   RO         3868    !!handler_copy      c_w.l(__scatter_copy.o)
    0x080001de   0x00000002   PAD
    0x080001e0   0x0000001c   Code   RO         3870    !!handler_zi        c_w.l(__scatter_zi.o)
    0x080001fc   0x00000002   Code   RO         3740    .ARM.Collect$$libinit$$00000000  c_w.l(libinit.o)
    0x080001fe   0x00000004   Code   RO         3749    .ARM.Collect$$libinit$$00000001  c_w.l(libinit2.o)
    0x08000202   0x00000000   Code   RO         3752    .ARM.Collect$$libinit$$00000004  c_w.l(libinit2.o)
    0x08000202   0x00000000   Code   RO         3755    .ARM.Collect$$libinit$$0000000A  c_w.l(libinit2.o)
    0x08000202   0x00000000   Code   RO         3757    .ARM.Collect$$libinit$$0000000C  c_w.l(libinit2.o)
    0x08000202   0x00000000   Code   RO         3759    .ARM.Collect$$libinit$$0000000E  c_w.l(libinit2.o)
    0x08000202   0x00000000   Code   RO         3762    .ARM.Collect$$libinit$$00000011  c_w.l(libinit2.o)
    0x08000202   0x00000000   Code   RO         3764    .ARM.Collect$$libinit$$00000013  c_w.l(libinit2.o)
    0x08000202   0x00000000   Code   RO         3766    .ARM.Collect$$libinit$$00000015  c_w.l(libinit2.o)
    0x08000202   0x00000000   Code   RO         3768    .ARM.Collect$$libinit$$00000017  c_w.l(libinit2.o)
    0x08000202   0x00000000   Code   RO         3770    .ARM.Collect$$libinit$$00000019  c_w.l(libinit2.o)
    0x08000202   0x00000000   Code   RO         3772    .ARM.Collect$$libinit$$0000001B  c_w.l(libinit2.o)
    0x08000202   0x00000000   Code   RO         3774    .ARM.Collect$$libinit$$0000001D  c_w.l(libinit2.o)
    0x08000202   0x00000000   Code   RO         3776    .ARM.Collect$$libinit$$0000001F  c_w.l(libinit2.o)
    0x08000202   0x00000000   Code   RO         3778    .ARM.Collect$$libinit$$00000021  c_w.l(libinit2.o)
    0x08000202   0x00000000   Code   RO         3780    .ARM.Collect$$libinit$$00000023  c_w.l(libinit2.o)
    0x08000202   0x00000000   Code   RO         3782    .ARM.Collect$$libinit$$00000025  c_w.l(libinit2.o)
    0x08000202   0x00000000   Code   RO         3786    .ARM.Collect$$libinit$$0000002C  c_w.l(libinit2.o)
    0x08000202   0x00000000   Code   RO         3788    .ARM.Collect$$libinit$$0000002E  c_w.l(libinit2.o)
    0x08000202   0x00000000   Code   RO         3790    .ARM.Collect$$libinit$$00000030  c_w.l(libinit2.o)
    0x08000202   0x00000000   Code   RO         3792    .ARM.Collect$$libinit$$00000032  c_w.l(libinit2.o)
    0x08000202   0x00000002   Code   RO         3793    .ARM.Collect$$libinit$$00000033  c_w.l(libinit2.o)
    0x08000204   0x00000002   Code   RO         3824    .ARM.Collect$$libshutdown$$00000000  c_w.l(libshutdown.o)
    0x08000206   0x00000000   Code   RO         3851    .ARM.Collect$$libshutdown$$00000003  c_w.l(libshutdown2.o)
    0x08000206   0x00000000   Code   RO         3854    .ARM.Collect$$libshutdown$$00000006  c_w.l(libshutdown2.o)
    0x08000206   0x00000000   Code   RO         3857    .ARM.Collect$$libshutdown$$00000009  c_w.l(libshutdown2.o)
    0x08000206   0x00000000   Code   RO         3859    .ARM.Collect$$libshutdown$$0000000B  c_w.l(libshutdown2.o)
    0x08000206   0x00000000   Code   RO         3862    .ARM.Collect$$libshutdown$$0000000E  c_w.l(libshutdown2.o)
    0x08000206   0x00000002   Code   RO         3863    .ARM.Collect$$libshutdown$$0000000F  c_w.l(libshutdown2.o)
    0x08000208   0x00000000   Code   RO         3646    .ARM.Collect$$rtentry$$00000000  c_w.l(__rtentry.o)
    0x08000208   0x00000000   Code   RO         3689    .ARM.Collect$$rtentry$$00000002  c_w.l(__rtentry2.o)
    0x08000208   0x00000006   Code   RO         3701    .ARM.Collect$$rtentry$$00000004  c_w.l(__rtentry4.o)
    0x0800020e   0x00000000   Code   RO         3691    .ARM.Collect$$rtentry$$00000009  c_w.l(__rtentry2.o)
    0x0800020e   0x00000004   Code   RO         3692    .ARM.Collect$$rtentry$$0000000A  c_w.l(__rtentry2.o)
    0x08000212   0x00000000   Code   RO         3694    .ARM.Collect$$rtentry$$0000000C  c_w.l(__rtentry2.o)
    0x08000212   0x00000008   Code   RO         3695    .ARM.Collect$$rtentry$$0000000D  c_w.l(__rtentry2.o)
    0x0800021a   0x00000002   Code   RO         3741    .ARM.Collect$$rtexit$$00000000  c_w.l(rtexit.o)
    0x0800021c   0x00000000   Code   RO         3797    .ARM.Collect$$rtexit$$00000002  c_w.l(rtexit2.o)
    0x0800021c   0x00000004   Code   RO         3798    .ARM.Collect$$rtexit$$00000003  c_w.l(rtexit2.o)
    0x08000220   0x00000006   Code   RO         3799    .ARM.Collect$$rtexit$$00000004  c_w.l(rtexit2.o)
    0x08000226   0x00000002   PAD
    0x08000228   0x00000040   Code   RO            4    .text               startup_stm32f407xx.o
    0x08000268   0x000000ee   Code   RO         3596    .text               c_w.l(lludivv7m.o)
    0x08000356   0x0000004e   Code   RO         3598    .text               c_w.l(rt_memclr_w.o)
    0x080003a4   0x00000006   Code   RO         3600    .text               c_w.l(heapauxi.o)
    0x080003aa   0x00000016   Code   RO         3651    .text               c_w.l(_rserrno.o)
    0x080003c0   0x00000008   Code   RO         3708    .text               c_w.l(rt_errno_addr_intlibspace.o)
    0x080003c8   0x00000008   Code   RO         3724    .text               c_w.l(libspace.o)
    0x080003d0   0x0000004a   Code   RO         3727    .text               c_w.l(sys_stackheap_outer.o)
    0x0800041a   0x0000000c   Code   RO         3729    .text               c_w.l(exit.o)
    0x08000426   0x00000002   PAD
    0x08000428   0x0000000c   Code   RO         3794    .text               c_w.l(sys_exit.o)
    0x08000434   0x00000002   Code   RO         3813    .text               c_w.l(use_no_semi.o)
    0x08000436   0x00000000   Code   RO         3815    .text               c_w.l(indicate_semi.o)
    0x08000436   0x0000000a   Code   RO          319    i.ABS               angle.o
    0x08000440   0x00000188   Code   RO          252    i.All_Pid_Init      pid.o
    0x080005c8   0x00000058   Code   RO          320    i.Angle_Turn        angle.o
    0x08000620   0x00000002   Code   RO          724    i.BusFault_Handler  stm32f4xx_it.o
    0x08000622   0x00000002   PAD
    0x08000624   0x0000000c   Code   RO          725    i.CAN1_RX0_IRQHandler  stm32f4xx_it.o
    0x08000630   0x0000000c   Code   RO          726    i.CAN2_RX0_IRQHandler  stm32f4xx_it.o
    0x0800063c   0x00000058   Code   RO           13    i.CanFilter_Init    moto.o
    0x08000694   0x0000005c   Code   RO          376    i.ChassisData_processing  chassis.o
    0x080006f0   0x00000190   Code   RO          377    i.ChassisData_processing2  chassis.o
    0x08000880   0x000000fc   Code   RO          198    i.Controller_handler  remote_control.o
    0x0800097c   0x0000000c   Code   RO          727    i.DMA1_Stream1_IRQHandler  stm32f4xx_it.o
    0x08000988   0x00000028   Code   RO         1556    i.DMA_CalcBaseAndBitshift  stm32f4xx_hal_dma.o
    0x080009b0   0x00000054   Code   RO         1557    i.DMA_CheckFifoParam  stm32f4xx_hal_dma.o
    0x08000a04   0x00000028   Code   RO         1558    i.DMA_SetConfig     stm32f4xx_hal_dma.o
    0x08000a2c   0x00000054   Code   RO          378    i.Data_Count        chassis.o
    0x08000a80   0x00000002   Code   RO          728    i.DebugMon_Handler  stm32f4xx_it.o
    0x08000a82   0x00000004   Code   RO          498    i.Error_Handler     main.o
    0x08000a86   0x00000002   PAD
    0x08000a88   0x00000038   Code   RO          440    i.Gimbal_Judge      gimbal.o
    0x08000ac0   0x00000104   Code   RO          441    i.Gimbal_RC         gimbal.o
    0x08000bc4   0x000000fc   Code   RO          442    i.Gimbal_RC2        gimbal.o
    0x08000cc0   0x000000e4   Code   RO          443    i.Gimbal_Turn       gimbal.o
    0x08000da4   0x000000a4   Code   RO          444    i.Gimbal_follow     gimbal.o
    0x08000e48   0x00000024   Code   RO          864    i.HAL_CAN_ActivateNotification  stm32f4xx_hal_can.o
    0x08000e6c   0x000000c8   Code   RO          865    i.HAL_CAN_AddTxMessage  stm32f4xx_hal_can.o
    0x08000f34   0x0000010c   Code   RO          866    i.HAL_CAN_ConfigFilter  stm32f4xx_hal_can.o
    0x08001040   0x00000002   Code   RO          869    i.HAL_CAN_ErrorCallback  stm32f4xx_hal_can.o
    0x08001042   0x000000e8   Code   RO          872    i.HAL_CAN_GetRxMessage  stm32f4xx_hal_can.o
    0x0800112a   0x000001fc   Code   RO          876    i.HAL_CAN_IRQHandler  stm32f4xx_hal_can.o
    0x08001326   0x0000011a   Code   RO          877    i.HAL_CAN_Init      stm32f4xx_hal_can.o
    0x08001440   0x000000fc   Code   RO          562    i.HAL_CAN_MspInit   can.o
    0x0800153c   0x00000002   Code   RO          884    i.HAL_CAN_RxFifo0FullCallback  stm32f4xx_hal_can.o
    0x0800153e   0x00000002   PAD
    0x08001540   0x00000180   Code   RO           14    i.HAL_CAN_RxFifo0MsgPendingCallback  moto.o
    0x080016c0   0x00000002   Code   RO          886    i.HAL_CAN_RxFifo1FullCallback  stm32f4xx_hal_can.o
    0x080016c2   0x00000002   Code   RO          887    i.HAL_CAN_RxFifo1MsgPendingCallback  stm32f4xx_hal_can.o
    0x080016c4   0x00000002   Code   RO          888    i.HAL_CAN_SleepCallback  stm32f4xx_hal_can.o
    0x080016c6   0x00000002   PAD
    0x080016c8   0x00000058   Code   RO          889    i.HAL_CAN_Start     stm32f4xx_hal_can.o
    0x08001720   0x00000002   Code   RO          891    i.HAL_CAN_TxMailbox0AbortCallback  stm32f4xx_hal_can.o
    0x08001722   0x00000002   Code   RO          892    i.HAL_CAN_TxMailbox0CompleteCallback  stm32f4xx_hal_can.o
    0x08001724   0x00000002   Code   RO          893    i.HAL_CAN_TxMailbox1AbortCallback  stm32f4xx_hal_can.o
    0x08001726   0x00000002   Code   RO          894    i.HAL_CAN_TxMailbox1CompleteCallback  stm32f4xx_hal_can.o
    0x08001728   0x00000002   Code   RO          895    i.HAL_CAN_TxMailbox2AbortCallback  stm32f4xx_hal_can.o
    0x0800172a   0x00000002   Code   RO          896    i.HAL_CAN_TxMailbox2CompleteCallback  stm32f4xx_hal_can.o
    0x0800172c   0x00000002   Code   RO          898    i.HAL_CAN_WakeUpFromRxMsgCallback  stm32f4xx_hal_can.o
    0x0800172e   0x00000092   Code   RO         1559    i.HAL_DMA_Abort     stm32f4xx_hal_dma.o
    0x080017c0   0x00000024   Code   RO         1560    i.HAL_DMA_Abort_IT  stm32f4xx_hal_dma.o
    0x080017e4   0x000001a0   Code   RO         1564    i.HAL_DMA_IRQHandler  stm32f4xx_hal_dma.o
    0x08001984   0x000000d4   Code   RO         1565    i.HAL_DMA_Init      stm32f4xx_hal_dma.o
    0x08001a58   0x0000006e   Code   RO         1569    i.HAL_DMA_Start_IT  stm32f4xx_hal_dma.o
    0x08001ac6   0x00000002   PAD
    0x08001ac8   0x000001f0   Code   RO         1452    i.HAL_GPIO_Init     stm32f4xx_hal_gpio.o
    0x08001cb8   0x0000000c   Code   RO         1984    i.HAL_GetTick       stm32f4xx_hal.o
    0x08001cc4   0x00000010   Code   RO         1990    i.HAL_IncTick       stm32f4xx_hal.o
    0x08001cd4   0x00000034   Code   RO         1991    i.HAL_Init          stm32f4xx_hal.o
    0x08001d08   0x00000040   Code   RO         1992    i.HAL_InitTick      stm32f4xx_hal.o
    0x08001d48   0x00000030   Code   RO          839    i.HAL_MspInit       stm32f4xx_hal_msp.o
    0x08001d78   0x0000001a   Code   RO         1841    i.HAL_NVIC_EnableIRQ  stm32f4xx_hal_cortex.o
    0x08001d92   0x00000002   PAD
    0x08001d94   0x00000040   Code   RO         1847    i.HAL_NVIC_SetPriority  stm32f4xx_hal_cortex.o
    0x08001dd4   0x00000024   Code   RO         1848    i.HAL_NVIC_SetPriorityGrouping  stm32f4xx_hal_cortex.o
    0x08001df8   0x00000134   Code   RO         1098    i.HAL_RCC_ClockConfig  stm32f4xx_hal_rcc.o
    0x08001f2c   0x00000020   Code   RO         1105    i.HAL_RCC_GetPCLK1Freq  stm32f4xx_hal_rcc.o
    0x08001f4c   0x00000020   Code   RO         1106    i.HAL_RCC_GetPCLK2Freq  stm32f4xx_hal_rcc.o
    0x08001f6c   0x00000064   Code   RO         1107    i.HAL_RCC_GetSysClockFreq  stm32f4xx_hal_rcc.o
    0x08001fd0   0x0000036c   Code   RO         1110    i.HAL_RCC_OscConfig  stm32f4xx_hal_rcc.o
    0x0800233c   0x00000028   Code   RO         1852    i.HAL_SYSTICK_Config  stm32f4xx_hal_cortex.o
    0x08002364   0x00000002   Code   RO         2935    i.HAL_TIMEx_BreakCallback  stm32f4xx_hal_tim_ex.o
    0x08002366   0x00000002   Code   RO         2936    i.HAL_TIMEx_CommutCallback  stm32f4xx_hal_tim_ex.o
    0x08002368   0x00000090   Code   RO         2954    i.HAL_TIMEx_MasterConfigSynchronization  stm32f4xx_hal_tim_ex.o
    0x080023f8   0x0000005a   Code   RO         2231    i.HAL_TIM_Base_Init  stm32f4xx_hal_tim.o
    0x08002452   0x00000002   PAD
    0x08002454   0x00000064   Code   RO          635    i.HAL_TIM_Base_MspInit  tim.o
    0x080024b8   0x00000080   Code   RO         2236    i.HAL_TIM_Base_Start_IT  stm32f4xx_hal_tim.o
    0x08002538   0x000000dc   Code   RO         2240    i.HAL_TIM_ConfigClockSource  stm32f4xx_hal_tim.o
    0x08002614   0x00000002   Code   RO         2265    i.HAL_TIM_IC_CaptureCallback  stm32f4xx_hal_tim.o
    0x08002616   0x00000166   Code   RO         2279    i.HAL_TIM_IRQHandler  stm32f4xx_hal_tim.o
    0x0800277c   0x00000002   Code   RO         2282    i.HAL_TIM_OC_DelayElapsedCallback  stm32f4xx_hal_tim.o
    0x0800277e   0x00000002   Code   RO         2309    i.HAL_TIM_PWM_PulseFinishedCallback  stm32f4xx_hal_tim.o
    0x08002780   0x00000002   Code   RO         2317    i.HAL_TIM_PeriodElapsedCallback  stm32f4xx_hal_tim.o
    0x08002782   0x00000002   Code   RO         2322    i.HAL_TIM_TriggerCallback  stm32f4xx_hal_tim.o
    0x08002784   0x00000002   Code   RO         3213    i.HAL_UARTEx_RxEventCallback  stm32f4xx_hal_uart.o
    0x08002786   0x00000070   Code   RO         3225    i.HAL_UART_DMAStop  stm32f4xx_hal_uart.o
    0x080027f6   0x00000002   Code   RO         3227    i.HAL_UART_ErrorCallback  stm32f4xx_hal_uart.o
    0x080027f8   0x00000268   Code   RO         3230    i.HAL_UART_IRQHandler  stm32f4xx_hal_uart.o
    0x08002a60   0x00000062   Code   RO         3231    i.HAL_UART_Init     stm32f4xx_hal_uart.o
    0x08002ac2   0x00000002   PAD
    0x08002ac4   0x000000b4   Code   RO          683    i.HAL_UART_MspInit  usart.o
    0x08002b78   0x0000002a   Code   RO         3235    i.HAL_UART_Receive_DMA  stm32f4xx_hal_uart.o
    0x08002ba2   0x00000002   Code   RO         3237    i.HAL_UART_RxCpltCallback  stm32f4xx_hal_uart.o
    0x08002ba4   0x00000002   Code   RO         3238    i.HAL_UART_RxHalfCpltCallback  stm32f4xx_hal_uart.o
    0x08002ba6   0x00000002   Code   RO         3242    i.HAL_UART_TxCpltCallback  stm32f4xx_hal_uart.o
    0x08002ba8   0x00000002   Code   RO          729    i.HardFault_Handler  stm32f4xx_it.o
    0x08002baa   0x00000002   PAD
    0x08002bac   0x00000054   Code   RO          199    i.IDLE_Handler      remote_control.o
    0x08002c00   0x000000e8   Code   RO          253    i.JD_WZPid          pid.o
    0x08002ce8   0x00000048   Code   RO          563    i.MX_CAN1_Init      can.o
    0x08002d30   0x00000048   Code   RO          564    i.MX_CAN2_Init      can.o
    0x08002d78   0x0000002c   Code   RO          610    i.MX_DMA_Init       dma.o
    0x08002da4   0x0000004c   Code   RO          537    i.MX_GPIO_Init      gpio.o
    0x08002df0   0x00000068   Code   RO          636    i.MX_TIM3_Init      tim.o
    0x08002e58   0x00000068   Code   RO          637    i.MX_TIM4_Init      tim.o
    0x08002ec0   0x00000044   Code   RO          684    i.MX_USART3_UART_Init  usart.o
    0x08002f04   0x00000002   Code   RO          730    i.MemManage_Handler  stm32f4xx_it.o
    0x08002f06   0x00000002   PAD
    0x08002f08   0x00000038   Code   RO           15    i.Moto_Current_Output  moto.o
    0x08002f40   0x00000048   Code   RO           16    i.Moto_Current_Output2  moto.o
    0x08002f88   0x00000038   Code   RO           17    i.Moto_Current_Output3  moto.o
    0x08002fc0   0x00000030   Code   RO           18    i.Moto_Init         moto.o
    0x08002ff0   0x00000002   Code   RO          731    i.NMI_Handler       stm32f4xx_it.o
    0x08002ff2   0x00000002   Code   RO          732    i.PendSV_Handler    stm32f4xx_it.o
    0x08002ff4   0x00000028   Code   RO          200    i.Remote_Control_Init  remote_control.o
    0x0800301c   0x0000001c   Code   RO           19    i.Rx_Moto_Init      moto.o
    0x08003038   0x0000001c   Code   RO           20    i.Rx_Moto_Init2     moto.o
    0x08003054   0x00000002   Code   RO          733    i.SVC_Handler       stm32f4xx_it.o
    0x08003056   0x00000004   Code   RO          734    i.SysTick_Handler   stm32f4xx_it.o
    0x0800305a   0x00000002   PAD
    0x0800305c   0x00000094   Code   RO          499    i.SystemClock_Config  main.o
    0x080030f0   0x00000010   Code   RO         3560    i.SystemInit        system_stm32f4xx.o
    0x08003100   0x000001e4   Code   RO          735    i.TIM3_IRQHandler   stm32f4xx_it.o
    0x080032e4   0x00000034   Code   RO          736    i.TIM4_IRQHandler   stm32f4xx_it.o
    0x08003318   0x000000c8   Code   RO         2324    i.TIM_Base_SetConfig  stm32f4xx_hal_tim.o
    0x080033e0   0x00000014   Code   RO         2335    i.TIM_ETR_SetConfig  stm32f4xx_hal_tim.o
    0x080033f4   0x00000010   Code   RO         2336    i.TIM_ITRx_SetConfig  stm32f4xx_hal_tim.o
    0x08003404   0x00000022   Code   RO         2342    i.TIM_TI1_ConfigInputStage  stm32f4xx_hal_tim.o
    0x08003426   0x00000024   Code   RO         2344    i.TIM_TI2_ConfigInputStage  stm32f4xx_hal_tim.o
    0x0800344a   0x00000002   PAD
    0x0800344c   0x00000040   Code   RO           21    i.Tx_Moto_Init      moto.o
    0x0800348c   0x00000010   Code   RO         3244    i.UART_DMAAbortOnError  stm32f4xx_hal_uart.o
    0x0800349c   0x0000004a   Code   RO         3245    i.UART_DMAError     stm32f4xx_hal_uart.o
    0x080034e6   0x00000082   Code   RO         3246    i.UART_DMAReceiveCplt  stm32f4xx_hal_uart.o
    0x08003568   0x0000001a   Code   RO         3248    i.UART_DMARxHalfCplt  stm32f4xx_hal_uart.o
    0x08003582   0x0000004e   Code   RO         3254    i.UART_EndRxTransfer  stm32f4xx_hal_uart.o
    0x080035d0   0x0000001c   Code   RO         3255    i.UART_EndTxTransfer  stm32f4xx_hal_uart.o
    0x080035ec   0x000000c0   Code   RO         3256    i.UART_Receive_IT   stm32f4xx_hal_uart.o
    0x080036ac   0x0000010c   Code   RO         3257    i.UART_SetConfig    stm32f4xx_hal_uart.o
    0x080037b8   0x00000094   Code   RO         3258    i.UART_Start_Receive_DMA  stm32f4xx_hal_uart.o
    0x0800384c   0x00000014   Code   RO          737    i.USART3_IRQHandler  stm32f4xx_it.o
    0x08003860   0x00000002   Code   RO          738    i.UsageFault_Handler  stm32f4xx_it.o
    0x08003862   0x00000096   Code   RO          254    i.WZPid             pid.o
    0x080038f8   0x0000000e   Code   RO          255    i.WZPid_Init        pid.o
    0x08003906   0x000000a2   Code   RO          256    i.ZLPid             pid.o
    0x080039a8   0x0000000e   Code   RO          257    i.ZLPid_Init        pid.o
    0x080039b6   0x00000030   Code   RO         3720    i.__ARM_fpclassify  m_wm.l(fpclassify.o)
    0x080039e6   0x00000020   Code   RO         1854    i.__NVIC_SetPriority  stm32f4xx_hal_cortex.o
    0x08003a06   0x00000002   PAD
    0x08003a08   0x000000c8   Code   RO         3622    i.__hardfp_cos      m_wm.l(cos.o)
    0x08003ad0   0x000000c8   Code   RO         3634    i.__hardfp_sin      m_wm.l(sin.o)
    0x08003b98   0x00000438   Code   RO         3677    i.__ieee754_rem_pio2  m_wm.l(rred.o)
    0x08003fd0   0x00000170   Code   RO         3660    i.__kernel_cos      m_wm.l(cos_i.o)
    0x08004140   0x000000f8   Code   RO         3722    i.__kernel_poly     m_wm.l(poly.o)
    0x08004238   0x00000130   Code   RO         3682    i.__kernel_sin      m_wm.l(sin_i.o)
    0x08004368   0x00000014   Code   RO         3664    i.__mathlib_dbl_infnan  m_wm.l(dunder.o)
    0x0800437c   0x00000004   PAD
    0x08004380   0x00000020   Code   RO         3666    i.__mathlib_dbl_invalid  m_wm.l(dunder.o)
    0x080043a0   0x00000020   Code   RO         3669    i.__mathlib_dbl_underflow  m_wm.l(dunder.o)
    0x080043c0   0x00000034   Code   RO          379    i.chassis_Judge     chassis.o
    0x080043f4   0x00000018   Code   RO         3716    i.fabs              m_wm.l(fabs.o)
    0x0800440c   0x0000005c   Code   RO          500    i.main              main.o
    0x08004468   0x00000030   Code   RO          380    i.remote_control    chassis.o
    0x08004498   0x00000018   Code   RO         3653    x$fpl$basic         fz_wm.l(basic.o)
    0x080044b0   0x00000150   Code   RO         3604    x$fpl$dadd          fz_wm.l(daddsub_clz.o)
    0x08004600   0x000002b0   Code   RO         3711    x$fpl$ddiv          fz_wm.l(ddiv.o)
    0x080048b0   0x0000005e   Code   RO         3610    x$fpl$dfix          fz_wm.l(dfix.o)
    0x0800490e   0x0000002e   Code   RO         3615    x$fpl$dflt          fz_wm.l(dflt_clz.o)
    0x0800493c   0x00000026   Code   RO         3614    x$fpl$dfltu         fz_wm.l(dflt_clz.o)
    0x08004962   0x00000002   PAD
    0x08004964   0x00000154   Code   RO         3620    x$fpl$dmul          fz_wm.l(dmul.o)
    0x08004ab8   0x0000009c   Code   RO         3655    x$fpl$dnaninf       fz_wm.l(dnaninf.o)
    0x08004b54   0x0000000c   Code   RO         3657    x$fpl$dretinf       fz_wm.l(dretinf.o)
    0x08004b60   0x00000016   Code   RO         3605    x$fpl$drsb          fz_wm.l(daddsub_clz.o)
    0x08004b76   0x00000002   PAD
    0x08004b78   0x000001d4   Code   RO         3606    x$fpl$dsub          fz_wm.l(daddsub_clz.o)
    0x08004d4c   0x0000000a   Code   RO         3809    x$fpl$fpinit        fz_wm.l(fpinit.o)
    0x08004d56   0x00000000   Code   RO         3659    x$fpl$usenofp       fz_wm.l(usenofp.o)
    0x08004d56   0x00000008   Data   RO         1571    .constdata          stm32f4xx_hal_dma.o
    0x08004d5e   0x00000010   Data   RO         3561    .constdata          system_stm32f4xx.o
    0x08004d6e   0x00000008   Data   RO         3562    .constdata          system_stm32f4xx.o
    0x08004d76   0x00000002   PAD
    0x08004d78   0x00000030   Data   RO         3661    .constdata          m_wm.l(cos_i.o)
    0x08004da8   0x000000c8   Data   RO         3679    .constdata          m_wm.l(rred.o)
    0x08004e70   0x00000028   Data   RO         3683    .constdata          m_wm.l(sin_i.o)
    0x08004e98   0x00000020   Data   RO         3864    Region$$Table       anon$$obj.o


    Execution Region RW_IRAM1 (Base: 0x20000000, Size: 0x00000bd0, Max: 0x0001c000, ABSOLUTE)

    Base Addr    Size         Type   Attr      Idx    E Section Name        Object

    0x20000000   0x00000028   Data   RW           25    .data               moto.o
    0x20000028   0x00000004   Data   RW          202    .data               remote_control.o
    0x2000002c   0x00000008   Data   RW          383    .data               chassis.o
    0x20000034   0x00000004   PAD
    0x20000038   0x00000038   Data   RW          445    .data               gimbal.o
    0x20000070   0x00000004   Data   RW          566    .data               can.o
    0x20000074   0x0000000c   Data   RW         1998    .data               stm32f4xx_hal.o
    0x20000080   0x00000004   Data   RW         3563    .data               system_stm32f4xx.o
    0x20000084   0x00000122   Zero   RW           22    .bss                moto.o
    0x200001a6   0x0000005a   Zero   RW          201    .bss                remote_control.o
    0x20000200   0x000001d0   Zero   RW          258    .bss                pid.o
    0x200003d0   0x0000001c   Zero   RW          321    .bss                angle.o
    0x200003ec   0x00000050   Zero   RW          565    .bss                can.o
    0x2000043c   0x00000090   Zero   RW          638    .bss                tim.o
    0x200004cc   0x000000a4   Zero   RW          685    .bss                usart.o
    0x20000570   0x00000060   Zero   RW         3725    .bss                c_w.l(libspace.o)
    0x200005d0   0x00000200   Zero   RW            2    HEAP                startup_stm32f407xx.o
    0x200007d0   0x00000400   Zero   RW            1    STACK               startup_stm32f407xx.o


    Execution Region RW_IRAM2 (Base: 0x2001c000, Size: 0x00000000, Max: 0x00004000, ABSOLUTE)

    **** No section assigned to this execution region ****


==============================================================================

Image component sizes


      Code (inc. data)   RO Data    RW Data    ZI Data      Debug   Object Name

        98          0          0          0         28       1879   angle.o
       396         46          0          4         80       2350   can.o
       676         80          0          8          0       2997   chassis.o
        44          4          0          0          0        726   dma.o
       960        116          0         56          0       3097   gimbal.o
        76          6          0          0          0        819   gpio.o
       244         26          0          0          0       2052   main.o
       824        106          0         40        290     707002   moto.o
       964         50          0          0        464       4412   pid.o
       376         32          0          4         90       4076   remote_control.o
        64         26        392          0       1536        832   startup_stm32f407xx.o
       144         24          0         12          0       8641   stm32f4xx_hal.o
      1638          6          0          0          0      13071   stm32f4xx_hal_can.o
       198         14          0          0          0      33507   stm32f4xx_hal_cortex.o
      1084         16          8          0          0       6434   stm32f4xx_hal_dma.o
       496         46          0          0          0       1396   stm32f4xx_hal_gpio.o
        48          6          0          0          0        802   stm32f4xx_hal_msp.o
      1348         76          0          0          0       4940   stm32f4xx_hal_rcc.o
      1112         72          0          0          0      10001   stm32f4xx_hal_tim.o
       148         28          0          0          0       2349   stm32f4xx_hal_tim_ex.o
      1838         30          0          0          0      12729   stm32f4xx_hal_uart.o
       612         52          0          0          0       6872   stm32f4xx_it.o
        16          4         24          4          0       1067   system_stm32f4xx.o
       308         32          0          0        144       2283   tim.o
       248         36          0          0        164       1681   usart.o

    ----------------------------------------------------------------------
     13986        934        458        132       2796     836015   Object Totals
         0          0         32          0          0          0   (incl. Generated)
        26          0          2          4          0          0   (incl. Padding)

    ----------------------------------------------------------------------

      Code (inc. data)   RO Data    RW Data    ZI Data      Debug   Library Member Name

         8          0          0          0          0         68   __main.o
         0          0          0          0          0          0   __rtentry.o
        12          0          0          0          0          0   __rtentry2.o
         6          0          0          0          0          0   __rtentry4.o
        52          8          0          0          0          0   __scatter.o
        26          0          0          0          0          0   __scatter_copy.o
        28          0          0          0          0          0   __scatter_zi.o
        22          0          0          0          0        100   _rserrno.o
        12          0          0          0          0         72   exit.o
         6          0          0          0          0        152   heapauxi.o
         0          0          0          0          0          0   indicate_semi.o
         2          0          0          0          0          0   libinit.o
         6          0          0          0          0          0   libinit2.o
         2          0          0          0          0          0   libshutdown.o
         2          0          0          0          0          0   libshutdown2.o
         8          4          0          0         96         68   libspace.o
       238          0          0          0          0        100   lludivv7m.o
         8          4          0          0          0         68   rt_errno_addr_intlibspace.o
        78          0          0          0          0         80   rt_memclr_w.o
         2          0          0          0          0          0   rtexit.o
        10          0          0          0          0          0   rtexit2.o
        12          4          0          0          0         68   sys_exit.o
        74          0          0          0          0         80   sys_stackheap_outer.o
         2          0          0          0          0         68   use_no_semi.o
        24          0          0          0          0        164   basic.o
       826         16          0          0          0        492   daddsub_clz.o
       688        140          0          0          0        256   ddiv.o
        94          4          0          0          0        140   dfix.o
        84          0          0          0          0        232   dflt_clz.o
       340         12          0          0          0        152   dmul.o
       156          4          0          0          0        140   dnaninf.o
        12          0          0          0          0        116   dretinf.o
        10          0          0          0          0        116   fpinit.o
         0          0          0          0          0          0   usenofp.o
       200         20          0          0          0        164   cos.o
       368         46         48          0          0        200   cos_i.o
        84         16          0          0          0        372   dunder.o
        24          0          0          0          0        124   fabs.o
        48          0          0          0          0        124   fpclassify.o
       248          0          0          0          0        152   poly.o
      1080        142        200          0          0        188   rred.o
       200         20          0          0          0        164   sin.o
       304         24         40          0          0        208   sin_i.o

    ----------------------------------------------------------------------
      5420        464        288          0         96       4428   Library Totals
        14          0          0          0          0          0   (incl. Padding)

    ----------------------------------------------------------------------

      Code (inc. data)   RO Data    RW Data    ZI Data      Debug   Library Name

       616         20          0          0         96        924   c_w.l
      2234        176          0          0          0       1808   fz_wm.l
      2556        268        288          0          0       1696   m_wm.l

    ----------------------------------------------------------------------
      5420        464        288          0         96       4428   Library Totals

    ----------------------------------------------------------------------

==============================================================================


      Code (inc. data)   RO Data    RW Data    ZI Data      Debug   

     19406       1398        746        132       2892     825379   Grand Totals
     19406       1398        746        132       2892     825379   ELF Image Totals
     19406       1398        746        132          0          0   ROM Totals

==============================================================================

    Total RO  Size (Code + RO Data)                20152 (  19.68kB)
    Total RW  Size (RW Data + ZI Data)              3024 (   2.95kB)
    Total ROM Size (Code + RO Data + RW Data)      20284 (  19.81kB)

==============================================================================

